Component: ARM Compiler 5.06 update 7 (build 960) Tool: armlink [4d3601]

==============================================================================

Section Cross References

    startup_rvmdk.o(RESET) refers to startup_rvmdk.o(STACK) for StackMem
    startup_rvmdk.o(RESET) refers to entry.o(.ARM.Collect$$$$00000000) for __main
    main.o(i.main) refers to sys_user.o(i.System_Init) for System_Init
    main.o(i.main) refers to tempalte.o(i.Tempalte_HW_INIT) for Tempalte_HW_INIT
    main.o(i.main) refers to scheduler.o(i.Scheduler_Setup) for Scheduler_Setup
    main.o(i.main) refers to scheduler.o(i.Scheduler_Run) for Scheduler_Run
    scheduler.o(i.Loop_20Hz) refers to tempalte.o(i.OLED_CONTROL) for OLED_CONTROL
    scheduler.o(i.Loop_2Hz) refers to led.o(i.LED_TogglePin) for LED_TogglePin
    scheduler.o(i.Loop_2Hz) refers to tempalte.o(.bss) for LED1
    scheduler.o(i.Scheduler_Run) refers to sys_user.o(i.Get_TickMs) for Get_TickMs
    scheduler.o(i.Scheduler_Run) refers to scheduler.o(i.Loop_while) for Loop_while
    scheduler.o(i.Scheduler_Run) refers to scheduler.o(.data) for .data
    scheduler.o(i.Scheduler_Setup) refers to sys_user.o(i.Get_TickMs) for Get_TickMs
    scheduler.o(i.Scheduler_Setup) refers to scheduler.o(.data) for .data
    scheduler.o(.data) refers to scheduler.o(i.Loop_100Hz) for Loop_100Hz
    scheduler.o(.data) refers to scheduler.o(i.Loop_50Hz) for Loop_50Hz
    scheduler.o(.data) refers to scheduler.o(i.Loop_20Hz) for Loop_20Hz
    scheduler.o(.data) refers to scheduler.o(i.Loop_10Hz) for Loop_10Hz
    scheduler.o(.data) refers to scheduler.o(i.Loop_5Hz) for Loop_5Hz
    scheduler.o(.data) refers to scheduler.o(i.Loop_2Hz) for Loop_2Hz
    scheduler.o(.data) refers to scheduler.o(i.Loop_1Hz) for Loop_1Hz
    tempalte.o(i.LED_init) refers to led.o(i.LED_PIN_Init) for LED_PIN_Init
    tempalte.o(i.LED_init) refers to tempalte.o(.bss) for .bss
    tempalte.o(i.OLED1_I2C_INIT) refers to oled.o(i.OLED_Init) for OLED_Init
    tempalte.o(i.OLED1_I2C_INIT) refers to oled.o(i.OLED_Update) for OLED_Update
    tempalte.o(i.OLED1_I2C_INIT) refers to tempalte.o(.bss) for .bss
    tempalte.o(i.OLED2_SPI_INIT) refers to oled.o(i.OLED_SPI_PIN_Init) for OLED_SPI_PIN_Init
    tempalte.o(i.OLED2_SPI_INIT) refers to oled.o(i.OLED_Init) for OLED_Init
    tempalte.o(i.OLED2_SPI_INIT) refers to oled.o(i.OLED_Update) for OLED_Update
    tempalte.o(i.OLED2_SPI_INIT) refers to tempalte.o(.bss) for .bss
    tempalte.o(i.OLED_CONTROL) refers to sys_user.o(i.Get_TickUs) for Get_TickUs
    tempalte.o(i.OLED_CONTROL) refers to oled.o(i.OLED_Update) for OLED_Update
    tempalte.o(i.OLED_CONTROL) refers to oled.o(i.OLED_ShowNum) for OLED_ShowNum
    tempalte.o(i.OLED_CONTROL) refers to scheduler.o(.data) for time
    tempalte.o(i.OLED_CONTROL) refers to tempalte.o(.bss) for .bss
    tempalte.o(i.OLED_CONTROL) refers to scheduler.o(.data) for time_last
    tempalte.o(i.OLED_CONTROL) refers to scheduler.o(.data) for time_num
    tempalte.o(i.OLED_CONTROL) refers to tempalte.o(.data) for .data
    tempalte.o(i.Tempalte_HW_INIT) refers to tempalte.o(i.LED_init) for LED_init
    tempalte.o(i.Tempalte_HW_INIT) refers to i2c_user.o(i.Software_I2C1_Init) for Software_I2C1_Init
    tempalte.o(i.Tempalte_HW_INIT) refers to spi_user.o(i.Software_SPI1_Init) for Software_SPI1_Init
    tempalte.o(i.Tempalte_HW_INIT) refers to tempalte.o(i.OLED1_I2C_INIT) for OLED1_I2C_INIT
    tempalte.o(i.Tempalte_HW_INIT) refers to tempalte.o(i.OLED2_SPI_INIT) for OLED2_SPI_INIT
    tempalte.o(i.Tempalte_HW_INIT) refers to i2c_user.o(.bss) for Software_I2C1
    tempalte.o(i.Tempalte_HW_INIT) refers to spi_user.o(.bss) for Software_SPI1
    i2c_user.o(i.I2C_IsDeviceReady) refers to sys_user.o(i.Get_TickMs) for Get_TickMs
    i2c_user.o(i.I2C_IsDeviceReady) refers to i2c_user.o(i.Software_I2C_Start) for Software_I2C_Start
    i2c_user.o(i.I2C_IsDeviceReady) refers to i2c_user.o(i.Software_I2C_SendByte) for Software_I2C_SendByte
    i2c_user.o(i.I2C_Mem_Read) refers to i2c_user.o(i.Hardware_I2C_Mem_Read) for Hardware_I2C_Mem_Read
    i2c_user.o(i.I2C_Mem_Read) refers to i2c_user.o(i.Software_I2C_Mem_Read) for Software_I2C_Mem_Read
    i2c_user.o(i.I2C_Mem_Write) refers to i2c_user.o(i.Hardware_I2C_Mem_Write) for Hardware_I2C_Mem_Write
    i2c_user.o(i.I2C_Mem_Write) refers to i2c_user.o(i.Software_I2C_Mem_Write) for Software_I2C_Mem_Write
    i2c_user.o(i.Software_I2C1_Init) refers to i2c_user.o(i.Software_I2C_Init) for Software_I2C_Init
    i2c_user.o(i.Software_I2C1_Init) refers to i2c_user.o(.bss) for .bss
    i2c_user.o(i.Software_I2C_Init) refers to sysctl.o(i.SysCtlPeripheralEnable) for SysCtlPeripheralEnable
    i2c_user.o(i.Software_I2C_Init) refers to gpio.o(i.GPIOPinTypeGPIOOutputOD) for GPIOPinTypeGPIOOutputOD
    i2c_user.o(i.Software_I2C_Init) refers to gpio_user.o(i.GPIO_WritePin) for GPIO_WritePin
    i2c_user.o(i.Software_I2C_Init) refers to sys_user.o(i.Get_TickUs) for Get_TickUs
[...]
    Removing fpu.o(i.FPUNaNModeSet), (20 bytes).
    Removing fpu.o(i.FPURoundingModeSet), (20 bytes).
    Removing fpu.o(i.FPUStackingDisable), (16 bytes).
    Removing fpu.o(i.FPUStackingEnable), (20 bytes).
    Removing epi.o(i.EPIAddressMapSet), (4 bytes).
    Removing epi.o(i.EPIConfigGPModeSet), (12 bytes).
    Removing epi.o(i.EPIConfigHB16CSSet), (40 bytes).
    Removing epi.o(i.EPIConfigHB16Set), (32 bytes).
    Removing epi.o(i.EPIConfigHB16TimingSet), (10 bytes).
    Removing epi.o(i.EPIConfigHB8CSSet), (40 bytes).
    Removing epi.o(i.EPIConfigHB8Set), (32 bytes).
    Removing epi.o(i.EPIConfigHB8TimingSet), (10 bytes).
    Removing epi.o(i.EPIConfigSDRAMSet), (16 bytes).
    Removing epi.o(i.EPIDMATxCount), (8 bytes).
    Removing epi.o(i.EPIDividerCSSet), (46 bytes).
    Removing epi.o(i.EPIDividerSet), (4 bytes).
    Removing epi.o(i.EPIFIFOConfig), (6 bytes).
    Removing epi.o(i.EPIIntDisable), (12 bytes).
    Removing epi.o(i.EPIIntEnable), (12 bytes).
    Removing epi.o(i.EPIIntErrorClear), (6 bytes).
    Removing epi.o(i.EPIIntErrorStatus), (6 bytes).
    Removing epi.o(i.EPIIntRegister), (28 bytes).
    Removing epi.o(i.EPIIntStatus), (16 bytes).
    Removing epi.o(i.EPIIntUnregister), (24 bytes).
    Removing epi.o(i.EPIModeSet), (4 bytes).
    Removing epi.o(i.EPINonBlockingReadAvail), (4 bytes).
    Removing epi.o(i.EPINonBlockingReadConfigure), (10 bytes).
    Removing epi.o(i.EPINonBlockingReadCount), (8 bytes).
    Removing epi.o(i.EPINonBlockingReadGet16), (30 bytes).
    Removing epi.o(i.EPINonBlockingReadGet32), (28 bytes).
    Removing epi.o(i.EPINonBlockingReadGet8), (30 bytes).
    Removing epi.o(i.EPINonBlockingReadStart), (8 bytes).
    Removing epi.o(i.EPINonBlockingReadStop), (10 bytes).
    Removing epi.o(i.EPIPSRAMConfigRegGet), (36 bytes).
    Removing epi.o(i.EPIPSRAMConfigRegGetNonBlocking), (44 bytes).
    Removing epi.o(i.EPIPSRAMConfigRegRead), (32 bytes).
    Removing epi.o(i.EPIPSRAMConfigRegSet), (40 bytes).
    Removing epi.o(i.EPIWriteFIFOCountGet), (6 bytes).
    Removing epi.o(i._EPIIntNumberGet), (32 bytes).
    Removing cpu.o(.emb_text), (38 bytes).
    Removing can.o(i.CANBitRateSet), (100 bytes).
    Removing can.o(i.CANBitTimingGet), (42 bytes).
    Removing can.o(i.CANBitTimingSet), (84 bytes).
    Removing can.o(i.CANDisable), (10 bytes).
    Removing can.o(i.CANEnable), (10 bytes).
    Removing can.o(i.CANErrCntrGet), (24 bytes).
    Removing can.o(i.CANInit), (60 bytes).
    Removing can.o(i.CANIntClear), (34 bytes).
    Removing can.o(i.CANIntDisable), (8 bytes).
    Removing can.o(i.CANIntEnable), (8 bytes).
    Removing can.o(i.CANIntRegister), (28 bytes).
    Removing can.o(i.CANIntStatus), (32 bytes).
    Removing can.o(i.CANIntUnregister), (24 bytes).
    Removing can.o(i.CANMessageClear), (24 bytes).
    Removing can.o(i.CANMessageGet), (324 bytes).
    Removing can.o(i.CANMessageSet), (318 bytes).
    Removing can.o(i.CANRetryGet), (14 bytes).
    Removing can.o(i.CANRetrySet), (20 bytes).
    Removing can.o(i.CANStatusGet), (74 bytes).
    Removing can.o(i._CANDataRegRead), (32 bytes).
    Removing can.o(i._CANDataRegWrite), (34 bytes).
    Removing can.o(i._CANIntNumberGet), (92 bytes).
    Removing can.o(.constdata), (32 bytes).
    Removing uart.o(i.UART9BitAddrSend), (38 bytes).
    Removing uart.o(i.UART9BitAddrSet), (8 bytes).
    Removing uart.o(i.UART9BitDisable), (12 bytes).
    Removing uart.o(i.UART9BitEnable), (12 bytes).
    Removing uart.o(i.UARTBreakCtl), (22 bytes).
    Removing uart.o(i.UARTBusy), (8 bytes).
    Removing uart.o(i.UARTCharGet), (10 bytes).
    Removing uart.o(i.UARTCharGetNonBlocking), (16 bytes).
    Removing uart.o(i.UARTCharPut), (10 bytes).
    Removing uart.o(i.UARTCharPutNonBlocking), (16 bytes).
    Removing uart.o(i.UARTCharsAvail), (10 bytes).
    Removing uart.o(i.UARTClockSourceGet), (6 bytes).
    Removing uart.o(i.UARTClockSourceSet), (6 bytes).
    Removing uart.o(i.UARTConfigGetExpClk), (38 bytes).
    Removing uart.o(i.UARTConfigSetExpClk), (76 bytes).
    Removing uart.o(i.UARTDMADisable), (8 bytes).
    Removing uart.o(i.UARTDMAEnable), (8 bytes).
    Removing uart.o(i.UARTDisable), (26 bytes).
    Removing uart.o(i.UARTDisableSIR), (10 bytes).
    Removing uart.o(i.UARTEnable), (20 bytes).
    Removing uart.o(i.UARTEnableSIR), (24 bytes).
    Removing uart.o(i.UARTFIFODisable), (10 bytes).
    Removing uart.o(i.UARTFIFOEnable), (10 bytes).
    Removing uart.o(i.UARTFIFOLevelGet), (16 bytes).
    Removing uart.o(i.UARTFIFOLevelSet), (6 bytes).
    Removing uart.o(i.UARTFlowControlGet), (8 bytes).
    Removing uart.o(i.UARTFlowControlSet), (12 bytes).
    Removing uart.o(i.UARTIntClear), (4 bytes).
    Removing uart.o(i.UARTIntDisable), (8 bytes).
    Removing uart.o(i.UARTIntEnable), (8 bytes).
    Removing uart.o(i.UARTIntRegister), (28 bytes).
    Removing uart.o(i.UARTIntStatus), (12 bytes).
    Removing uart.o(i.UARTIntUnregister), (24 bytes).
    Removing uart.o(i.UARTLoopbackEnable), (10 bytes).
    Removing uart.o(i.UARTModemControlClear), (12 bytes).
    Removing uart.o(i.UARTModemControlGet), (8 bytes).
    Removing uart.o(i.UARTModemControlSet), (12 bytes).
    Removing uart.o(i.UARTModemStatusGet), (10 bytes).
    Removing uart.o(i.UARTParityModeGet), (8 bytes).
    Removing uart.o(i.UARTParityModeSet), (12 bytes).
    Removing uart.o(i.UARTRxErrorClear), (6 bytes).
    Removing uart.o(i.UARTRxErrorGet), (8 bytes).
    Removing uart.o(i.UARTSmartCardDisable), (10 bytes).
    Removing uart.o(i.UARTSmartCardEnable), (22 bytes).
    Removing uart.o(i.UARTSpaceAvail), (10 bytes).
    Removing uart.o(i.UARTTxIntModeGet), (8 bytes).
    Removing uart.o(i.UARTTxIntModeSet), (12 bytes).
    Removing uart.o(i._UARTIntNumberGet), (68 bytes).
    Removing uart.o(.constdata), (128 bytes).
    Removing usb.o(i.USBClockDisable), (8 bytes).
    Removing usb.o(i.USBClockEnable), (10 bytes).
    Removing usb.o(i.USBControllerVersion), (10 bytes).
    Removing usb.o(i.USBDMAChannelAddressGet), (10 bytes).
    Removing usb.o(i.USBDMAChannelAddressSet), (10 bytes).
    Removing usb.o(i.USBDMAChannelConfigSet), (20 bytes).
    Removing usb.o(i.USBDMAChannelCountGet), (10 bytes).
    Removing usb.o(i.USBDMAChannelCountSet), (10 bytes).
    Removing usb.o(i.USBDMAChannelDisable), (18 bytes).
    Removing usb.o(i.USBDMAChannelEnable), (18 bytes).
    Removing usb.o(i.USBDMAChannelIntDisable), (18 bytes).
    Removing usb.o(i.USBDMAChannelIntEnable), (18 bytes).
    Removing usb.o(i.USBDMAChannelIntStatus), (6 bytes).
    Removing usb.o(i.USBDMAChannelStatus), (14 bytes).
    Removing usb.o(i.USBDMAChannelStatusClear), (20 bytes).
    Removing usb.o(i.USBDMANumChannels), (8 bytes).
    Removing usb.o(i.USBDevAddrGet), (4 bytes).
    Removing usb.o(i.USBDevAddrSet), (4 bytes).
    Removing usb.o(i.USBDevConnect), (10 bytes).
    Removing usb.o(i.USBDevDisconnect), (10 bytes).
    Removing usb.o(i.USBDevEndpointConfigGet), (144 bytes).
    Removing usb.o(i.USBDevEndpointConfigSet), (122 bytes).
    Removing usb.o(i.USBDevEndpointDataAck), (38 bytes).
    Removing usb.o(i.USBDevEndpointStall), (54 bytes).
    Removing usb.o(i.USBDevEndpointStallClear), (70 bytes).
    Removing usb.o(i.USBDevEndpointStatusClear), (84 bytes).
    Removing usb.o(i.USBDevLPMConfig), (6 bytes).
    Removing usb.o(i.USBDevLPMDisable), (14 bytes).
    Removing usb.o(i.USBDevLPMEnable), (14 bytes).
    Removing usb.o(i.USBDevLPMRemoteWake), (14 bytes).
    Removing usb.o(i.USBDevMode), (8 bytes).
    Removing usb.o(i.USBDevSpeedGet), (14 bytes).
    Removing usb.o(i.USBEndpointDMAChannel), (26 bytes).
    Removing usb.o(i.USBEndpointDMAConfigSet), (74 bytes).
    Removing usb.o(i.USBEndpointDMADisable), (34 bytes).
    Removing usb.o(i.USBEndpointDMAEnable), (34 bytes).
    Removing usb.o(i.USBEndpointDataAvail), (32 bytes).
    Removing usb.o(i.USBEndpointDataGet), (70 bytes).
    Removing usb.o(i.USBEndpointDataPut), (52 bytes).
    Removing usb.o(i.USBEndpointDataSend), (52 bytes).
    Removing usb.o(i.USBEndpointDataToggleClear), (34 bytes).
    Removing usb.o(i.USBEndpointPacketCountSet), (18 bytes).
    Removing usb.o(i.USBEndpointStatus), (16 bytes).
    Removing usb.o(i.USBFIFOAddrGet), (8 bytes).
    Removing usb.o(i.USBFIFOConfigGet), (86 bytes).
    Removing usb.o(i.USBFIFOConfigSet), (86 bytes).
    Removing usb.o(i.USBFIFOFlush), (70 bytes).
    Removing usb.o(i.USBFrameNumberGet), (4 bytes).
    Removing usb.o(i.USBHighSpeed), (24 bytes).
    Removing usb.o(i.USBHostAddrGet), (20 bytes).
    Removing usb.o(i.USBHostAddrSet), (22 bytes).
    Removing usb.o(i.USBHostEndpointConfig), (212 bytes).
    Removing usb.o(i.USBHostEndpointDataAck), (34 bytes).
    Removing usb.o(i.USBHostEndpointDataToggle), (88 bytes).
    Removing usb.o(i.USBHostEndpointPing), (40 bytes).
    Removing usb.o(i.USBHostEndpointSpeed), (72 bytes).
    Removing usb.o(i.USBHostEndpointStatusClear), (38 bytes).
    Removing usb.o(i.USBHostHubAddrGet), (20 bytes).
    Removing usb.o(i.USBHostHubAddrSet), (58 bytes).
    Removing usb.o(i.USBHostLPMConfig), (18 bytes).
    Removing usb.o(i.USBHostLPMResume), (14 bytes).
    Removing usb.o(i.USBHostLPMSend), (30 bytes).
    Removing usb.o(i.USBHostMode), (8 bytes).
    Removing usb.o(i.USBHostPwrConfig), (22 bytes).
    Removing usb.o(i.USBHostPwrDisable), (14 bytes).
    Removing usb.o(i.USBHostPwrEnable), (14 bytes).
    Removing usb.o(i.USBHostPwrFaultDisable), (14 bytes).
    Removing usb.o(i.USBHostPwrFaultEnable), (14 bytes).
    Removing usb.o(i.USBHostRequestIN), (20 bytes).
    Removing usb.o(i.USBHostRequestINClear), (24 bytes).
    Removing usb.o(i.USBHostRequestStatus), (8 bytes).
    Removing usb.o(i.USBHostReset), (24 bytes).
    Removing usb.o(i.USBHostResume), (24 bytes).
    Removing usb.o(i.USBHostSpeedGet), (40 bytes).
    Removing usb.o(i.USBHostSuspend), (10 bytes).
    Removing usb.o(i.USBIntDisableControl), (40 bytes).
    Removing usb.o(i.USBIntDisableEndpoint), (20 bytes).
    Removing usb.o(i.USBIntEnableControl), (40 bytes).
    Removing usb.o(i.USBIntEnableEndpoint), (20 bytes).
    Removing usb.o(i.USBIntRegister), (28 bytes).
    Removing usb.o(i.USBIntStatusControl), (56 bytes).
    Removing usb.o(i.USBIntStatusEndpoint), (10 bytes).
    Removing usb.o(i.USBIntUnregister), (24 bytes).
    Removing usb.o(i.USBLPMEndpointGet), (10 bytes).
    Removing usb.o(i.USBLPMIntDisable), (12 bytes).
    Removing usb.o(i.USBLPMIntEnable), (12 bytes).
    Removing usb.o(i.USBLPMIntStatus), (6 bytes).
    Removing usb.o(i.USBLPMLinkStateGet), (10 bytes).
    Removing usb.o(i.USBLPMRemoteWakeEnabled), (16 bytes).
    Removing usb.o(i.USBModeConfig), (6 bytes).
    Removing usb.o(i.USBModeGet), (10 bytes).
    Removing usb.o(i.USBNumEndpointsGet), (10 bytes).
    Removing usb.o(i.USBOTGMode), (8 bytes).
    Removing usb.o(i.USBOTGSessionRequest), (28 bytes).
    Removing usb.o(i.USBPHYPowerOff), (10 bytes).
    Removing usb.o(i.USBPHYPowerOn), (10 bytes).
    Removing usb.o(i.USBULPIConfig), (6 bytes).
    Removing usb.o(i.USBULPIDisable), (14 bytes).
    Removing usb.o(i.USBULPIEnable), (14 bytes).
    Removing usb.o(i.USBULPIRegRead), (28 bytes).
    Removing usb.o(i.USBULPIRegWrite), (28 bytes).
    Removing usb.o(i._USBIndexRead), (22 bytes).
    Removing usb.o(i._USBIndexWrite), (22 bytes).
    Removing usb.o(i._USBIntNumberGet), (52 bytes).
    Removing adc.o(i.ADCBusy), (8 bytes).
    Removing adc.o(i.ADCClockConfigGet), (40 bytes).
    Removing adc.o(i.ADCClockConfigSet), (20 bytes).
    Removing adc.o(i.ADCComparatorConfigure), (10 bytes).
    Removing adc.o(i.ADCComparatorIntClear), (4 bytes).
    Removing adc.o(i.ADCComparatorIntDisable), (14 bytes).
    Removing adc.o(i.ADCComparatorIntEnable), (14 bytes).
    Removing adc.o(i.ADCComparatorIntStatus), (4 bytes).
    Removing adc.o(i.ADCComparatorRegionSet), (14 bytes).
    Removing adc.o(i.ADCComparatorReset), (30 bytes).
    Removing adc.o(i.ADCHardwareOversampleConfigure), (18 bytes).
    Removing adc.o(i.ADCIntClear), (8 bytes).
    Removing adc.o(i.ADCIntClearEx), (4 bytes).
    Removing adc.o(i.ADCIntDisable), (12 bytes).
    Removing adc.o(i.ADCIntDisableEx), (8 bytes).
    Removing adc.o(i.ADCIntEnable), (14 bytes).
    Removing adc.o(i.ADCIntEnableEx), (8 bytes).
    Removing adc.o(i.ADCIntRegister), (28 bytes).
    Removing adc.o(i.ADCIntStatus), (46 bytes).
    Removing adc.o(i.ADCIntStatusEx), (20 bytes).
    Removing adc.o(i.ADCIntUnregister), (24 bytes).
    Removing adc.o(i.ADCPhaseDelayGet), (4 bytes).
    Removing adc.o(i.ADCPhaseDelaySet), (4 bytes).
    Removing adc.o(i.ADCProcessorTrigger), (22 bytes).
    Removing adc.o(i.ADCReferenceGet), (8 bytes).
    Removing adc.o(i.ADCReferenceSet), (12 bytes).
    Removing adc.o(i.ADCSequenceConfigure), (66 bytes).
    Removing adc.o(i.ADCSequenceDMADisable), (14 bytes).
    Removing adc.o(i.ADCSequenceDMAEnable), (14 bytes).
    Removing adc.o(i.ADCSequenceDataGet), (28 bytes).
    Removing adc.o(i.ADCSequenceDisable), (12 bytes).
    Removing adc.o(i.ADCSequenceEnable), (12 bytes).
    Removing adc.o(i.ADCSequenceOverflow), (10 bytes).
    Removing adc.o(i.ADCSequenceOverflowClear), (8 bytes).
    Removing adc.o(i.ADCSequenceStepConfigure), (114 bytes).
    Removing adc.o(i.ADCSequenceUnderflow), (10 bytes).
    Removing adc.o(i.ADCSequenceUnderflowClear), (8 bytes).
    Removing adc.o(i.ADCSoftwareOversampleConfigure), (48 bytes).
    Removing adc.o(i.ADCSoftwareOversampleDataGet), (80 bytes).
    Removing adc.o(i.ADCSoftwareOversampleStepConfigure), (140 bytes).
    Removing adc.o(i._ADCIntNumberGet), (84 bytes).
    Removing adc.o(.data), (6 bytes).
    Removing des.o(i.DESConfigSet), (12 bytes).
    Removing des.o(i.DESDMADisable), (8 bytes).
    Removing des.o(i.DESDMAEnable), (8 bytes).
    Removing des.o(i.DESDataProcess), (58 bytes).
    Removing des.o(i.DESDataRead), (24 bytes).
    Removing des.o(i.DESDataReadNonBlocking), (28 bytes).
    Removing des.o(i.DESDataWrite), (24 bytes).
    Removing des.o(i.DESDataWriteNonBlocking), (28 bytes).
    Removing des.o(i.DESIVSet), (22 bytes).
    Removing des.o(i.DESIntClear), (12 bytes).
    Removing des.o(i.DESIntDisable), (26 bytes).
    Removing des.o(i.DESIntEnable), (26 bytes).
    Removing des.o(i.DESIntRegister), (18 bytes).
    Removing des.o(i.DESIntStatus), (30 bytes).
    Removing des.o(i.DESIntUnregister), (18 bytes).
    Removing des.o(i.DESKeySet), (32 bytes).
    Removing des.o(i.DESLengthSet), (4 bytes).
    Removing des.o(i.DESReset), (16 bytes).
    Removing aes.o(i.AESAuthLengthSet), (4 bytes).
    Removing aes.o(i.AESConfigSet), (14 bytes).
    Removing aes.o(i.AESDMADisable), (10 bytes).
    Removing aes.o(i.AESDMAEnable), (10 bytes).
    Removing aes.o(i.AESDataAuth), (58 bytes).
    Removing aes.o(i.AESDataProcess), (64 bytes).
    Removing aes.o(i.AESDataProcessAuth), (108 bytes).
    Removing aes.o(i.AESDataRead), (24 bytes).
    Removing aes.o(i.AESDataReadNonBlocking), (30 bytes).
    Removing aes.o(i.AESDataWrite), (24 bytes).
    Removing aes.o(i.AESDataWriteNonBlocking), (30 bytes).
    Removing aes.o(i.AESIVRead), (24 bytes).
    Removing aes.o(i.AESIVSet), (18 bytes).
    Removing aes.o(i.AESIntClear), (28 bytes).
    Removing aes.o(i.AESIntDisable), (44 bytes).
    Removing aes.o(i.AESIntEnable), (44 bytes).
    Removing aes.o(i.AESIntRegister), (18 bytes).
    Removing aes.o(i.AESIntStatus), (72 bytes).
    Removing aes.o(i.AESIntUnregister), (18 bytes).
    Removing aes.o(i.AESKey1Set), (42 bytes).
    Removing aes.o(i.AESKey2Set), (42 bytes).
    Removing aes.o(i.AESKey3Set), (18 bytes).
    Removing aes.o(i.AESLengthSet), (6 bytes).
    Removing aes.o(i.AESReset), (22 bytes).
    Removing aes.o(i.AESTagRead), (24 bytes).
    Removing mpu.o(i.MPUDisable), (16 bytes).
    Removing mpu.o(i.MPUEnable), (16 bytes).
    Removing mpu.o(i.MPUIntRegister), (20 bytes).
    Removing mpu.o(i.MPUIntUnregister), (18 bytes).
    Removing mpu.o(i.MPURegionCountGet), (16 bytes).
    Removing mpu.o(i.MPURegionDisable), (24 bytes).
    Removing mpu.o(i.MPURegionEnable), (24 bytes).
    Removing mpu.o(i.MPURegionGet), (28 bytes).
    Removing mpu.o(i.MPURegionSet), (28 bytes).
    Removing gpio.o(i.GPIOADCTriggerDisable), (12 bytes).
    Removing gpio.o(i.GPIOADCTriggerEnable), (12 bytes).
    Removing gpio.o(i.GPIODMATriggerDisable), (12 bytes).
    Removing gpio.o(i.GPIODMATriggerEnable), (12 bytes).
    Removing gpio.o(i.GPIODirModeGet), (38 bytes).
    Removing gpio.o(i.GPIOIntClear), (6 bytes).
    Removing gpio.o(i.GPIOIntDisable), (12 bytes).
    Removing gpio.o(i.GPIOIntEnable), (12 bytes).
    Removing gpio.o(i.GPIOIntRegister), (28 bytes).
    Removing gpio.o(i.GPIOIntRegisterPin), (30 bytes).
    Removing gpio.o(i.GPIOIntStatus), (16 bytes).
    Removing gpio.o(i.GPIOIntTypeGet), (72 bytes).
    Removing gpio.o(i.GPIOIntTypeSet), (94 bytes).
    Removing gpio.o(i.GPIOIntUnregister), (24 bytes).
    Removing gpio.o(i.GPIOIntUnregisterPin), (26 bytes).
    Removing gpio.o(i.GPIOPadConfigGet), (244 bytes).
    Removing gpio.o(i.GPIOPinConfigure), (72 bytes).
    Removing gpio.o(i.GPIOPinRead), (6 bytes).
    Removing gpio.o(i.GPIOPinTypeADC), (32 bytes).
    Removing gpio.o(i.GPIOPinTypeCAN), (32 bytes).
    Removing gpio.o(i.GPIOPinTypeComparator), (32 bytes).
    Removing gpio.o(i.GPIOPinTypeComparatorOutput), (32 bytes).
    Removing gpio.o(i.GPIOPinTypeDIVSCLK), (32 bytes).
    Removing gpio.o(i.GPIOPinTypeEPI), (32 bytes).
    Removing gpio.o(i.GPIOPinTypeEthernetLED), (32 bytes).
    Removing gpio.o(i.GPIOPinTypeEthernetMII), (32 bytes).
    Removing gpio.o(i.GPIOPinTypeHibernateRTCCLK), (32 bytes).
    Removing gpio.o(i.GPIOPinTypeI2C), (32 bytes).
    Removing gpio.o(i.GPIOPinTypeI2CSCL), (32 bytes).
    Removing gpio.o(i.GPIOPinTypeLCD), (32 bytes).
    Removing gpio.o(i.GPIOPinTypeOneWire), (32 bytes).
    Removing gpio.o(i.GPIOPinTypePWM), (32 bytes).
    Removing gpio.o(i.GPIOPinTypeQEI), (32 bytes).
    Removing gpio.o(i.GPIOPinTypeSSI), (32 bytes).
    Removing gpio.o(i.GPIOPinTypeTimer), (32 bytes).
    Removing gpio.o(i.GPIOPinTypeTrace), (32 bytes).
    Removing gpio.o(i.GPIOPinTypeUART), (32 bytes).
    Removing gpio.o(i.GPIOPinTypeUSBAnalog), (32 bytes).
    Removing gpio.o(i.GPIOPinTypeUSBDigital), (32 bytes).
    Removing gpio.o(i.GPIOPinTypeWakeHigh), (34 bytes).
    Removing gpio.o(i.GPIOPinTypeWakeLow), (34 bytes).
    Removing gpio.o(i.GPIOPinWakeStatus), (6 bytes).
    Removing gpio.o(i.GPIOUnlockPin), (20 bytes).
    Removing gpio.o(i._GPIOIntNumberGet), (72 bytes).
    Removing gpio.o(.constdata), (552 bytes).
    Removing pwm.o(i.PWMClockGet), (24 bytes).
    Removing pwm.o(i.PWMClockSet), (18 bytes).
    Removing pwm.o(i.PWMDeadBandDisable), (12 bytes).
    Removing pwm.o(i.PWMDeadBandEnable), (16 bytes).
    Removing pwm.o(i.PWMFaultIntClear), (8 bytes).
    Removing pwm.o(i.PWMFaultIntClearExt), (4 bytes).
    Removing pwm.o(i.PWMFaultIntRegister), (28 bytes).
    Removing pwm.o(i.PWMFaultIntUnregister), (24 bytes).
    Removing pwm.o(i.PWMGenConfigure), (44 bytes).
    Removing pwm.o(i.PWMGenDisable), (10 bytes).
    Removing pwm.o(i.PWMGenEnable), (10 bytes).
    Removing pwm.o(i.PWMGenFaultClear), (22 bytes).
    Removing pwm.o(i.PWMGenFaultConfigure), (18 bytes).
    Removing pwm.o(i.PWMGenFaultStatus), (22 bytes).
    Removing pwm.o(i.PWMGenFaultTriggerGet), (14 bytes).
    Removing pwm.o(i.PWMGenFaultTriggerSet), (14 bytes).
    Removing pwm.o(i.PWMGenIntClear), (6 bytes).
    Removing pwm.o(i.PWMGenIntRegister), (28 bytes).
    Removing pwm.o(i.PWMGenIntStatus), (14 bytes).
    Removing pwm.o(i.PWMGenIntTrigDisable), (10 bytes).
    Removing pwm.o(i.PWMGenIntTrigEnable), (10 bytes).
    Removing pwm.o(i.PWMGenIntUnregister), (24 bytes).
    Removing pwm.o(i.PWMGenPeriodGet), (20 bytes).
    Removing pwm.o(i.PWMGenPeriodSet), (20 bytes).
    Removing pwm.o(i.PWMIntDisable), (8 bytes).
    Removing pwm.o(i.PWMIntEnable), (8 bytes).
    Removing pwm.o(i.PWMIntStatus), (12 bytes).
    Removing pwm.o(i.PWMOutputFault), (20 bytes).
    Removing pwm.o(i.PWMOutputFaultLevel), (20 bytes).
    Removing pwm.o(i.PWMOutputInvert), (20 bytes).
    Removing pwm.o(i.PWMOutputState), (20 bytes).
    Removing pwm.o(i.PWMOutputUpdateMode), (60 bytes).
    Removing pwm.o(i.PWMPulseWidthGet), (30 bytes).
    Removing pwm.o(i.PWMPulseWidthSet), (30 bytes).
    Removing pwm.o(i.PWMSyncTimeBase), (4 bytes).
    Removing pwm.o(i.PWMSyncUpdate), (4 bytes).
    Removing pwm.o(i._PWMFaultIntNumberGet), (76 bytes).
    Removing pwm.o(i._PWMGenIntNumberGet), (224 bytes).
    Removing flash.o(i.FlashAllUserRegisterGet), (28 bytes).
    Removing flash.o(i.FlashAllUserRegisterSave), (40 bytes).
    Removing flash.o(i.FlashAllUserRegisterSet), (20 bytes).
    Removing flash.o(i.FlashErase), (44 bytes).
    Removing flash.o(i.FlashIntClear), (12 bytes).
    Removing flash.o(i.FlashIntDisable), (16 bytes).
    Removing flash.o(i.FlashIntEnable), (16 bytes).
    Removing flash.o(i.FlashIntRegister), (20 bytes).
    Removing flash.o(i.FlashIntStatus), (20 bytes).
    Removing flash.o(i.FlashIntUnregister), (18 bytes).
    Removing flash.o(i.FlashProgram), (88 bytes).
    Removing flash.o(i.FlashProtectGet), (68 bytes).
    Removing flash.o(i.FlashProtectSave), (36 bytes).
    Removing flash.o(i.FlashProtectSet), (96 bytes).
    Removing flash.o(i.FlashUserGet), (20 bytes).
    Removing flash.o(i.FlashUserSave), (48 bytes).
    Removing flash.o(i.FlashUserSet), (16 bytes).
    Removing flash.o(.constdata), (128 bytes).
    Removing timer.o(i.TimerADCEventGet), (4 bytes).
    Removing timer.o(i.TimerADCEventSet), (4 bytes).
    Removing timer.o(i.TimerClockSourceGet), (6 bytes).
    Removing timer.o(i.TimerClockSourceSet), (6 bytes).
    Removing timer.o(i.TimerConfigure), (92 bytes).
    Removing timer.o(i.TimerControlEvent), (18 bytes).
    Removing timer.o(i.TimerControlLevel), (24 bytes).
    Removing timer.o(i.TimerControlStall), (24 bytes).
    Removing timer.o(i.TimerControlTrigger), (72 bytes).
    Removing timer.o(i.TimerControlWaitOnTrigger), (54 bytes).
    Removing timer.o(i.TimerDMAEventGet), (4 bytes).
    Removing timer.o(i.TimerDMAEventSet), (4 bytes).
    Removing timer.o(i.TimerDisable), (14 bytes).
    Removing timer.o(i.TimerEnable), (14 bytes).
    Removing timer.o(i.TimerIntClear), (4 bytes).
    Removing timer.o(i.TimerIntDisable), (8 bytes).
    Removing timer.o(i.TimerIntEnable), (8 bytes).
    Removing timer.o(i.TimerIntRegister), (28 bytes).
    Removing timer.o(i.TimerIntStatus), (12 bytes).
    Removing timer.o(i.TimerIntUnregister), (24 bytes).
    Removing timer.o(i.TimerLoadGet), (12 bytes).
    Removing timer.o(i.TimerLoadGet64), (14 bytes).
    Removing timer.o(i.TimerLoadSet), (18 bytes).
    Removing timer.o(i.TimerLoadSet64), (6 bytes).
    Removing timer.o(i.TimerMatchGet), (12 bytes).
    Removing timer.o(i.TimerMatchGet64), (14 bytes).
    Removing timer.o(i.TimerMatchSet), (18 bytes).
    Removing timer.o(i.TimerMatchSet64), (6 bytes).
    Removing timer.o(i.TimerPrescaleGet), (12 bytes).
    Removing timer.o(i.TimerPrescaleMatchGet), (12 bytes).
    Removing timer.o(i.TimerPrescaleMatchSet), (18 bytes).
    Removing timer.o(i.TimerPrescaleSet), (18 bytes).
    Removing timer.o(i.TimerRTCDisable), (10 bytes).
    Removing timer.o(i.TimerRTCEnable), (10 bytes).
    Removing timer.o(i.TimerSynchronize), (4 bytes).
    Removing timer.o(i.TimerUpdateMode), (38 bytes).
    Removing timer.o(i.TimerValueGet), (12 bytes).
    Removing timer.o(i.TimerValueGet64), (14 bytes).
    Removing timer.o(i._TimerIntNumberGet), (80 bytes).
    Removing timer.o(.constdata), (160 bytes).
    Removing emac.o(i.EMACAddrFilterGet), (12 bytes).
    Removing emac.o(i.EMACAddrFilterSet), (18 bytes).
    Removing emac.o(i.EMACAddrGet), (30 bytes).
    Removing emac.o(i.EMACAddrSet), (46 bytes).
    Removing emac.o(i.EMACConfigGet), (60 bytes).
    Removing emac.o(i.EMACConfigSet), (52 bytes).
    Removing emac.o(i.EMACDMAStateGet), (16 bytes).
    Removing emac.o(i.EMACFrameFilterGet), (12 bytes).
    Removing emac.o(i.EMACFrameFilterSet), (16 bytes).
    Removing emac.o(i.EMACHashFilterBitCalculate), (36 bytes).
    Removing emac.o(i.EMACHashFilterGet), (10 bytes).
    Removing emac.o(i.EMACHashFilterSet), (6 bytes).
    Removing emac.o(i.EMACInit), (124 bytes).
    Removing emac.o(i.EMACIntClear), (54 bytes).
    Removing emac.o(i.EMACIntDisable), (56 bytes).
    Removing emac.o(i.EMACIntEnable), (60 bytes).
    Removing emac.o(i.EMACIntRegister), (18 bytes).
    Removing emac.o(i.EMACIntStatus), (52 bytes).
    Removing emac.o(i.EMACIntUnregister), (18 bytes).
    Removing emac.o(i.EMACLPIConfig), (34 bytes).
    Removing emac.o(i.EMACLPIEnter), (10 bytes).
    Removing emac.o(i.EMACLPILinkClear), (10 bytes).
    Removing emac.o(i.EMACLPILinkSet), (10 bytes).
    Removing emac.o(i.EMACLPIStatus), (6 bytes).
    Removing emac.o(i.EMACNumAddrGet), (4 bytes).
    Removing emac.o(i.EMACPHYConfigSet), (96 bytes).
    Removing emac.o(i.EMACPHYExtendedRead), (64 bytes).
    Removing emac.o(i.EMACPHYExtendedWrite), (68 bytes).
    Removing emac.o(i.EMACPHYMMDRead), (66 bytes).
    Removing emac.o(i.EMACPHYMMDWrite), (70 bytes).
    Removing emac.o(i.EMACPHYPowerOff), (38 bytes).
    Removing emac.o(i.EMACPHYPowerOn), (38 bytes).
    Removing emac.o(i.EMACPHYRead), (36 bytes).
    Removing emac.o(i.EMACPHYWrite), (36 bytes).
    Removing emac.o(i.EMACPowerManagementControlGet), (10 bytes).
    Removing emac.o(i.EMACPowerManagementControlSet), (14 bytes).
    Removing emac.o(i.EMACPowerManagementStatusGet), (8 bytes).
    Removing emac.o(i.EMACRemoteWakeUpFrameFilterGet), (24 bytes).
    Removing emac.o(i.EMACRemoteWakeUpFrameFilterSet), (24 bytes).
    Removing emac.o(i.EMACReset), (22 bytes).
    Removing emac.o(i.EMACRxDMACurrentBufferGet), (6 bytes).
    Removing emac.o(i.EMACRxDMACurrentDescriptorGet), (6 bytes).
    Removing emac.o(i.EMACRxDMADescriptorListGet), (6 bytes).
    Removing emac.o(i.EMACRxDMADescriptorListSet), (6 bytes).
    Removing emac.o(i.EMACRxDMAPollDemand), (8 bytes).
    Removing emac.o(i.EMACRxDisable), (22 bytes).
    Removing emac.o(i.EMACRxEnable), (22 bytes).
    Removing emac.o(i.EMACRxWatchdogTimerSet), (6 bytes).
    Removing emac.o(i.EMACStatusGet), (4 bytes).
    Removing emac.o(i.EMACTimestampAddendSet), (26 bytes).
    Removing emac.o(i.EMACTimestampConfigGet), (14 bytes).
    Removing emac.o(i.EMACTimestampConfigSet), (24 bytes).
    Removing emac.o(i.EMACTimestampDisable), (14 bytes).
    Removing emac.o(i.EMACTimestampEnable), (34 bytes).
    Removing emac.o(i.EMACTimestampIntStatus), (6 bytes).
    Removing emac.o(i.EMACTimestampPPSCommand), (18 bytes).
    Removing emac.o(i.EMACTimestampPPSCommandModeSet), (18 bytes).
    Removing emac.o(i.EMACTimestampPPSPeriodSet), (10 bytes).
    Removing emac.o(i.EMACTimestampPPSSimpleModeSet), (22 bytes).
    Removing emac.o(i.EMACTimestampSysTimeGet), (24 bytes).
    Removing emac.o(i.EMACTimestampSysTimeSet), (30 bytes).
    Removing emac.o(i.EMACTimestampSysTimeUpdate), (44 bytes).
    Removing emac.o(i.EMACTimestampTargetIntDisable), (14 bytes).
    Removing emac.o(i.EMACTimestampTargetIntEnable), (14 bytes).
    Removing emac.o(i.EMACTimestampTargetSet), (18 bytes).
    Removing emac.o(i.EMACTxDMACurrentBufferGet), (6 bytes).
    Removing emac.o(i.EMACTxDMACurrentDescriptorGet), (6 bytes).
    Removing emac.o(i.EMACTxDMADescriptorListGet), (6 bytes).
    Removing emac.o(i.EMACTxDMADescriptorListSet), (6 bytes).
    Removing emac.o(i.EMACTxDMAPollDemand), (8 bytes).
    Removing emac.o(i.EMACTxDisable), (22 bytes).
    Removing emac.o(i.EMACTxEnable), (22 bytes).
    Removing emac.o(i.EMACTxFlush), (28 bytes).
    Removing emac.o(i.EMACVLANHashFilterBitCalculate), (36 bytes).
    Removing emac.o(i.EMACVLANHashFilterGet), (6 bytes).
    Removing emac.o(i.EMACVLANHashFilterSet), (6 bytes).
    Removing emac.o(i.EMACVLANRxConfigGet), (10 bytes).
    Removing emac.o(i.EMACVLANRxConfigSet), (6 bytes).
    Removing emac.o(i.EMACVLANTxConfigGet), (12 bytes).
    Removing emac.o(i.EMACVLANTxConfigSet), (8 bytes).
    Removing emac.o(i.EMACWoLEnter), (50 bytes).
    Removing emac.o(.constdata), (24 bytes).
    Removing udma.o(i.uDMAChannelAssign), (40 bytes).
    Removing udma.o(i.uDMAChannelAttributeDisable), (56 bytes).
    Removing udma.o(i.uDMAChannelAttributeEnable), (56 bytes).
    Removing udma.o(i.uDMAChannelAttributeGet), (60 bytes).
    Removing udma.o(i.uDMAChannelControlSet), (32 bytes).
    Removing udma.o(i.uDMAChannelDisable), (20 bytes).
    Removing udma.o(i.uDMAChannelEnable), (20 bytes).
    Removing udma.o(i.uDMAChannelIsEnabled), (28 bytes).
    Removing udma.o(i.uDMAChannelModeGet), (44 bytes).
    Removing udma.o(i.uDMAChannelRequest), (20 bytes).
    Removing udma.o(i.uDMAChannelScatterGatherSet), (80 bytes).
    Removing udma.o(i.uDMAChannelSelectDefault), (16 bytes).
    Removing udma.o(i.uDMAChannelSelectSecondary), (16 bytes).
    Removing udma.o(i.uDMAChannelSizeGet), (40 bytes).
    Removing udma.o(i.uDMAChannelTransferSet), (132 bytes).
    Removing udma.o(i.uDMAControlAlternateBaseGet), (12 bytes).
    Removing udma.o(i.uDMAControlBaseGet), (12 bytes).
    Removing udma.o(i.uDMAControlBaseSet), (12 bytes).
    Removing udma.o(i.uDMADisable), (12 bytes).
    Removing udma.o(i.uDMAEnable), (12 bytes).
    Removing udma.o(i.uDMAErrorStatusClear), (12 bytes).
    Removing udma.o(i.uDMAErrorStatusGet), (12 bytes).
    Removing udma.o(i.uDMAIntClear), (12 bytes).
    Removing udma.o(i.uDMAIntRegister), (20 bytes).
    Removing udma.o(i.uDMAIntStatus), (12 bytes).
    Removing udma.o(i.uDMAIntUnregister), (20 bytes).
    Removing sysctl.o(i.SysCtlAltClkConfig), (12 bytes).
    Removing sysctl.o(i.SysCtlClockFreqSet), (544 bytes).
    Removing sysctl.o(i.SysCtlClockOutConfig), (16 bytes).
    Removing sysctl.o(i.SysCtlDeepSleep), (32 bytes).
    Removing sysctl.o(i.SysCtlDeepSleepClockConfigSet), (100 bytes).
    Removing sysctl.o(i.SysCtlDeepSleepClockSet), (12 bytes).
    Removing sysctl.o(i.SysCtlDeepSleepPowerSet), (12 bytes).
    Removing sysctl.o(i.SysCtlFlashSectorSizeGet), (52 bytes).
    Removing sysctl.o(i.SysCtlFlashSizeGet), (52 bytes).
    Removing sysctl.o(i.SysCtlGPIOAHBDisable), (24 bytes).
    Removing sysctl.o(i.SysCtlGPIOAHBEnable), (24 bytes).
    Removing sysctl.o(i.SysCtlIntClear), (12 bytes).
    Removing sysctl.o(i.SysCtlIntDisable), (16 bytes).
    Removing sysctl.o(i.SysCtlIntEnable), (16 bytes).
    Removing sysctl.o(i.SysCtlIntRegister), (20 bytes).
    Removing sysctl.o(i.SysCtlIntStatus), (20 bytes).
    Removing sysctl.o(i.SysCtlIntUnregister), (18 bytes).
    Removing sysctl.o(i.SysCtlLDODeepSleepGet), (12 bytes).
    Removing sysctl.o(i.SysCtlLDODeepSleepSet), (12 bytes).
    Removing sysctl.o(i.SysCtlLDOSleepGet), (12 bytes).
    Removing sysctl.o(i.SysCtlLDOSleepSet), (12 bytes).
    Removing sysctl.o(i.SysCtlMOSCConfigSet), (12 bytes).
    Removing sysctl.o(i.SysCtlNMIClear), (16 bytes).
    Removing sysctl.o(i.SysCtlNMIStatus), (12 bytes).
    Removing sysctl.o(i.SysCtlPIOSCCalibrate), (72 bytes).
    Removing sysctl.o(i.SysCtlPWMClockGet), (24 bytes).
    Removing sysctl.o(i.SysCtlPWMClockSet), (20 bytes).
    Removing sysctl.o(i.SysCtlPeripheralClockGating), (76 bytes).
    Removing sysctl.o(i.SysCtlPeripheralDeepSleepDisable), (40 bytes).
    Removing sysctl.o(i.SysCtlPeripheralDeepSleepEnable), (40 bytes).
    Removing sysctl.o(i.SysCtlPeripheralDisable), (40 bytes).
    Removing sysctl.o(i.SysCtlPeripheralPowerOff), (40 bytes).
    Removing sysctl.o(i.SysCtlPeripheralPowerOn), (40 bytes).
    Removing sysctl.o(i.SysCtlPeripheralPresent), (44 bytes).
    Removing sysctl.o(i.SysCtlPeripheralReady), (44 bytes).
    Removing sysctl.o(i.SysCtlPeripheralReset), (64 bytes).
    Removing sysctl.o(i.SysCtlPeripheralSleepDisable), (40 bytes).
    Removing sysctl.o(i.SysCtlPeripheralSleepEnable), (40 bytes).
    Removing sysctl.o(i.SysCtlReset), (16 bytes).
    Removing sysctl.o(i.SysCtlResetBehaviorGet), (12 bytes).
    Removing sysctl.o(i.SysCtlResetBehaviorSet), (12 bytes).
    Removing sysctl.o(i.SysCtlResetCauseClear), (16 bytes).
    Removing sysctl.o(i.SysCtlResetCauseGet), (12 bytes).
    Removing sysctl.o(i.SysCtlSRAMSizeGet), (16 bytes).
    Removing sysctl.o(i.SysCtlSleep), (4 bytes).
    Removing sysctl.o(i.SysCtlSleepPowerSet), (12 bytes).
    Removing sysctl.o(i.SysCtlUSBPLLDisable), (16 bytes).
    Removing sysctl.o(i.SysCtlUSBPLLEnable), (16 bytes).
    Removing sysctl.o(i.SysCtlVCOGet), (116 bytes).
    Removing sysctl.o(i.SysCtlVoltageEventClear), (16 bytes).
    Removing sysctl.o(i.SysCtlVoltageEventConfig), (12 bytes).
    Removing sysctl.o(i.SysCtlVoltageEventStatus), (12 bytes).
    Removing sysctl.o(i._SysCtlFrequencyGet), (72 bytes).
    Removing sysctl.o(i._SysCtlMemTimingGet), (36 bytes).
    Removing comp.o(i.ComparatorConfigure), (8 bytes).
    Removing comp.o(i.ComparatorIntClear), (8 bytes).
    Removing comp.o(i.ComparatorIntDisable), (12 bytes).
    Removing comp.o(i.ComparatorIntEnable), (12 bytes).
    Removing comp.o(i.ComparatorIntRegister), (36 bytes).
    Removing comp.o(i.ComparatorIntStatus), (24 bytes).
    Removing comp.o(i.ComparatorIntUnregister), (32 bytes).
    Removing comp.o(i.ComparatorRefSet), (4 bytes).
    Removing comp.o(i.ComparatorValueGet), (18 bytes).
    Removing systick.o(i.SysTickDisable), (14 bytes).
    Removing systick.o(i.SysTickIntDisable), (14 bytes).
    Removing systick.o(i.SysTickIntUnregister), (18 bytes).
    Removing sw_crc.o(i.Crc16), (196 bytes).
    Removing sw_crc.o(i.Crc16Array), (8 bytes).
    Removing sw_crc.o(i.Crc16Array3), (160 bytes).
    Removing sw_crc.o(i.Crc32), (196 bytes).
    Removing sw_crc.o(i.Crc8CCITT), (120 bytes).
    Removing sw_crc.o(.constdata), (1792 bytes).
    Removing sysexc.o(i.SysExcIntClear), (12 bytes).
    Removing sysexc.o(i.SysExcIntDisable), (16 bytes).
    Removing sysexc.o(i.SysExcIntEnable), (16 bytes).
    Removing sysexc.o(i.SysExcIntRegister), (28 bytes).
    Removing sysexc.o(i.SysExcIntStatus), (20 bytes).
    Removing sysexc.o(i.SysExcIntUnregister), (24 bytes).
    Removing sysexc.o(i._SysExcIntNumberGet), (52 bytes).
    Removing eeprom.o(i.EEPROMBlockCountGet), (16 bytes).
    Removing eeprom.o(i.EEPROMBlockHide), (16 bytes).
    Removing eeprom.o(i.EEPROMBlockLock), (20 bytes).
    Removing eeprom.o(i.EEPROMBlockPasswordSet), (36 bytes).
    Removing eeprom.o(i.EEPROMBlockProtectGet), (12 bytes).
    Removing eeprom.o(i.EEPROMBlockProtectSet), (20 bytes).
    Removing eeprom.o(i.EEPROMBlockUnlock), (40 bytes).
    Removing eeprom.o(i.EEPROMInit), (68 bytes).
    Removing eeprom.o(i.EEPROMIntClear), (52 bytes).
    Removing eeprom.o(i.EEPROMIntDisable), (32 bytes).
    Removing eeprom.o(i.EEPROMIntEnable), (32 bytes).
    Removing eeprom.o(i.EEPROMIntStatus), (40 bytes).
    Removing eeprom.o(i.EEPROMMassErase), (84 bytes).
    Removing eeprom.o(i.EEPROMProgram), (192 bytes).
    Removing eeprom.o(i.EEPROMProgramNonBlocking), (68 bytes).
    Removing eeprom.o(i.EEPROMRead), (48 bytes).
    Removing eeprom.o(i.EEPROMSizeGet), (16 bytes).
    Removing eeprom.o(i.EEPROMStatusGet), (12 bytes).
    Removing eeprom.o(i._EEPROMSectorMaskClear), (52 bytes).
    Removing eeprom.o(i._EEPROMSectorMaskSet), (60 bytes).
    Removing eeprom.o(i._EEPROMWaitForDone), (16 bytes).
    Removing onewire.o(i.OneWireBusReset), (10 bytes).
    Removing onewire.o(i.OneWireBusStatus), (8 bytes).
    Removing onewire.o(i.OneWireDMADisable), (28 bytes).
    Removing onewire.o(i.OneWireDMAEnable), (80 bytes).
    Removing onewire.o(i.OneWireDataGet), (12 bytes).
    Removing onewire.o(i.OneWireDataGetNonBlocking), (18 bytes).
    Removing onewire.o(i.OneWireInit), (4 bytes).
    Removing onewire.o(i.OneWireIntClear), (6 bytes).
    Removing onewire.o(i.OneWireIntDisable), (12 bytes).
    Removing onewire.o(i.OneWireIntEnable), (12 bytes).
    Removing onewire.o(i.OneWireIntRegister), (28 bytes).
    Removing onewire.o(i.OneWireIntStatus), (16 bytes).
    Removing onewire.o(i.OneWireIntUnregister), (24 bytes).
    Removing onewire.o(i.OneWireTransaction), (60 bytes).
    Removing onewire.o(i._OneWireIntNumberGet), (32 bytes).
    Removing interrupt.o(i.IntDisable), (96 bytes).
    Removing interrupt.o(i.IntEnable), (96 bytes).
    Removing interrupt.o(i.IntIsEnabled), (96 bytes).
    Removing interrupt.o(i.IntMasterDisable), (14 bytes).
    Removing interrupt.o(i.IntMasterEnable), (14 bytes).
    Removing interrupt.o(i.IntPendClear), (64 bytes).
    Removing interrupt.o(i.IntPendSet), (80 bytes).
    Removing interrupt.o(i.IntPriorityGet), (24 bytes).
    Removing interrupt.o(i.IntPriorityGroupingGet), (36 bytes).
    Removing interrupt.o(i.IntPriorityMaskGet), (4 bytes).
    Removing interrupt.o(i.IntPriorityMaskSet), (4 bytes).
    Removing interrupt.o(i.IntPrioritySet), (36 bytes).
    Removing interrupt.o(i.IntTrigger), (12 bytes).
    Removing interrupt.o(i.IntUnregister), (20 bytes).
    Removing interrupt.o(i._IntDefaultHandler), (2 bytes).
    Removing shamd5.o(i.SHAMD5ConfigSet), (4 bytes).
    Removing shamd5.o(i.SHAMD5DMADisable), (14 bytes).
    Removing shamd5.o(i.SHAMD5DMAEnable), (14 bytes).
    Removing shamd5.o(i.SHAMD5DataProcess), (52 bytes).
    Removing shamd5.o(i.SHAMD5DataWrite), (28 bytes).
    Removing shamd5.o(i.SHAMD5DataWriteNonBlocking), (34 bytes).
    Removing shamd5.o(i.SHAMD5HMACKeySet), (22 bytes).
    Removing shamd5.o(i.SHAMD5HMACPPKeyGenerate), (56 bytes).
    Removing shamd5.o(i.SHAMD5HMACPPKeySet), (26 bytes).
    Removing shamd5.o(i.SHAMD5HMACProcess), (52 bytes).
    Removing shamd5.o(i.SHAMD5HashLengthSet), (4 bytes).
    Removing shamd5.o(i.SHAMD5IntClear), (22 bytes).
    Removing shamd5.o(i.SHAMD5IntDisable), (60 bytes).
    Removing shamd5.o(i.SHAMD5IntEnable), (48 bytes).
    Removing shamd5.o(i.SHAMD5IntRegister), (18 bytes).
    Removing shamd5.o(i.SHAMD5IntStatus), (74 bytes).
    Removing shamd5.o(i.SHAMD5IntUnregister), (18 bytes).
    Removing shamd5.o(i.SHAMD5Reset), (34 bytes).
    Removing shamd5.o(i.SHAMD5ResultRead), (54 bytes).
    Removing shamd5.o(i._SHAMD5DataWriteMultiple), (72 bytes).
    Removing hibernate.o(i.HibernateBatCheckDone), (16 bytes).
    Removing hibernate.o(i.HibernateBatCheckStart), (20 bytes).
    Removing hibernate.o(i.HibernateCalendarGet), (104 bytes).
    Removing hibernate.o(i.HibernateCalendarMatchGet), (96 bytes).
    Removing hibernate.o(i.HibernateCalendarMatchSet), (12 bytes).
    Removing hibernate.o(i.HibernateCalendarSet), (12 bytes).
    Removing hibernate.o(i.HibernateClockConfig), (76 bytes).
    Removing hibernate.o(i.HibernateCounterMode), (12 bytes).
    Removing hibernate.o(i.HibernateDataGet), (32 bytes).
    Removing hibernate.o(i.HibernateDataSet), (44 bytes).
    Removing hibernate.o(i.HibernateDisable), (20 bytes).
    Removing hibernate.o(i.HibernateEnableExpClk), (20 bytes).
    Removing hibernate.o(i.HibernateGPIORetentionDisable), (24 bytes).
    Removing hibernate.o(i.HibernateGPIORetentionEnable), (24 bytes).
    Removing hibernate.o(i.HibernateGPIORetentionGet), (28 bytes).
    Removing hibernate.o(i.HibernateIntClear), (16 bytes).
    Removing hibernate.o(i.HibernateIntDisable), (16 bytes).
    Removing hibernate.o(i.HibernateIntEnable), (16 bytes).
    Removing hibernate.o(i.HibernateIntRegister), (28 bytes).
    Removing hibernate.o(i.HibernateIntStatus), (20 bytes).
    Removing hibernate.o(i.HibernateIntUnregister), (24 bytes).
    Removing hibernate.o(i.HibernateIsActive), (16 bytes).
    Removing hibernate.o(i.HibernateLowBatGet), (16 bytes).
    Removing hibernate.o(i.HibernateLowBatSet), (24 bytes).
    Removing hibernate.o(i.HibernateRTCDisable), (20 bytes).
    Removing hibernate.o(i.HibernateRTCEnable), (20 bytes).
    Removing hibernate.o(i.HibernateRTCGet), (12 bytes).
    Removing hibernate.o(i.HibernateRTCMatchGet), (12 bytes).
    Removing hibernate.o(i.HibernateRTCMatchSet), (12 bytes).
    Removing hibernate.o(i.HibernateRTCSSGet), (16 bytes).
    Removing hibernate.o(i.HibernateRTCSSMatchGet), (12 bytes).
    Removing hibernate.o(i.HibernateRTCSSMatchSet), (16 bytes).
    Removing hibernate.o(i.HibernateRTCSet), (44 bytes).
    Removing hibernate.o(i.HibernateRTCTrimGet), (12 bytes).
    Removing hibernate.o(i.HibernateRTCTrimSet), (12 bytes).
    Removing hibernate.o(i.HibernateRequest), (20 bytes).
    Removing hibernate.o(i.HibernateTamperDisable), (48 bytes).
    Removing hibernate.o(i.HibernateTamperEnable), (48 bytes).
    Removing hibernate.o(i.HibernateTamperEventsClear), (48 bytes).
    Removing hibernate.o(i.HibernateTamperEventsClearNoLock), (24 bytes).
    Removing hibernate.o(i.HibernateTamperEventsConfig), (56 bytes).
    Removing hibernate.o(i.HibernateTamperEventsGet), (76 bytes).
    Removing hibernate.o(i.HibernateTamperExtOscRecover), (48 bytes).
    Removing hibernate.o(i.HibernateTamperExtOscValid), (20 bytes).
    Removing hibernate.o(i.HibernateTamperIODisable), (56 bytes).
    Removing hibernate.o(i.HibernateTamperIOEnable), (60 bytes).
    Removing hibernate.o(i.HibernateTamperLock), (24 bytes).
    Removing hibernate.o(i.HibernateTamperStatusGet), (52 bytes).
    Removing hibernate.o(i.HibernateTamperUnLock), (20 bytes).
    Removing hibernate.o(i.HibernateWakeGet), (60 bytes).
    Removing hibernate.o(i.HibernateWakeSet), (100 bytes).
    Removing hibernate.o(i._HibernateCalendarSet), (216 bytes).
    Removing hibernate.o(i._HibernateIntNumberGet), (36 bytes).
    Removing hibernate.o(i._HibernateWriteComplete), (16 bytes).
    Removing watchdog.o(i.WatchdogEnable), (10 bytes).
    Removing watchdog.o(i.WatchdogIntClear), (6 bytes).
    Removing watchdog.o(i.WatchdogIntEnable), (10 bytes).
    Removing watchdog.o(i.WatchdogIntRegister), (18 bytes).
    Removing watchdog.o(i.WatchdogIntStatus), (12 bytes).
    Removing watchdog.o(i.WatchdogIntTypeSet), (12 bytes).
    Removing watchdog.o(i.WatchdogIntUnregister), (18 bytes).
    Removing watchdog.o(i.WatchdogLock), (8 bytes).
    Removing watchdog.o(i.WatchdogLockState), (12 bytes).
    Removing watchdog.o(i.WatchdogReloadGet), (4 bytes).
    Removing watchdog.o(i.WatchdogReloadSet), (4 bytes).
    Removing watchdog.o(i.WatchdogResetDisable), (10 bytes).
    Removing watchdog.o(i.WatchdogResetEnable), (10 bytes).
    Removing watchdog.o(i.WatchdogRunning), (8 bytes).
    Removing watchdog.o(i.WatchdogStallDisable), (14 bytes).
    Removing watchdog.o(i.WatchdogStallEnable), (14 bytes).
    Removing watchdog.o(i.WatchdogUnlock), (12 bytes).
    Removing watchdog.o(i.WatchdogValueGet), (4 bytes).
    Removing dadd.o(.text), (334 bytes).
    Removing dmul.o(.text), (228 bytes).
    Removing ddiv.o(.text), (222 bytes).
    Removing dneg.o(.text), (6 bytes).
    Removing dflti.o(.text), (34 bytes).
    Removing dfltui.o(.text), (26 bytes).
    Removing dfixi.o(.text), (62 bytes).
    Removing dfixui.o(.text), (50 bytes).
    Removing cdcmple.o(.text), (48 bytes).
    Removing cdrcmple.o(.text), (48 bytes).
    Removing d2f.o(.text), (56 bytes).
    Removing fepilogue.o(.text), (110 bytes).
    Removing depilogue.o(.text), (186 bytes).
    Removing dfixul.o(.text), (48 bytes).
    Removing epi.o(i.EPIWorkaroundWordWrite), (6 bytes).
    Removing epi.o(i.EPIWorkaroundWordRead), (6 bytes).
    Removing epi.o(i.EPIWorkaroundHWordWrite), (6 bytes).
    Removing epi.o(i.EPIWorkaroundHWordRead), (6 bytes).
    Removing epi.o(i.EPIWorkaroundByteWrite), (6 bytes).
    Removing epi.o(i.EPIWorkaroundByteRead), (6 bytes).

1005 unused section(s) (total 39957 bytes) removed from the image.

==============================================================================

Image Symbol Table

    Local Symbols

    Symbol Name                              Value     Ov Type        Size  Object(Section)

    RESET                                    0x00000000   Section      648  startup_rvmdk.o(RESET)
    ../clib/../cmprslib/zerorunl.c           0x00000000   Number         0  __dczerorl.o ABSOLUTE
    ../clib/microlib/division.c              0x00000000   Number         0  uidiv.o ABSOLUTE
    ../clib/microlib/division.c              0x00000000   Number         0  uldiv.o ABSOLUTE
    ../clib/microlib/errno.c                 0x00000000   Number         0  errno.o ABSOLUTE
    ../clib/microlib/init/entry.s            0x00000000   Number         0  entry8b.o ABSOLUTE
    ../clib/microlib/init/entry.s            0x00000000   Number         0  entry12b.o ABSOLUTE
    ../clib/microlib/init/entry.s            0x00000000   Number         0  entry11a.o ABSOLUTE
    ../clib/microlib/init/entry.s            0x00000000   Number         0  entry11b.o ABSOLUTE
    ../clib/microlib/init/entry.s            0x00000000   Number         0  entry10b.o ABSOLUTE
    ../clib/microlib/init/entry.s            0x00000000   Number         0  entry10a.o ABSOLUTE
    ../clib/microlib/init/entry.s            0x00000000   Number         0  entry9b.o ABSOLUTE
    ../clib/microlib/init/entry.s            0x00000000   Number         0  entry9a.o ABSOLUTE
    ../clib/microlib/init/entry.s            0x00000000   Number         0  entry.o ABSOLUTE
    ../clib/microlib/init/entry.s            0x00000000   Number         0  entry8a.o ABSOLUTE
    ../clib/microlib/init/entry.s            0x00000000   Number         0  entry7b.o ABSOLUTE
    ../clib/microlib/init/entry.s            0x00000000   Number         0  entry7a.o ABSOLUTE
    ../clib/microlib/init/entry.s            0x00000000   Number         0  entry5.o ABSOLUTE
    ../clib/microlib/init/entry.s            0x00000000   Number         0  entry2.o ABSOLUTE
    ../clib/microlib/init/entry.s            0x00000000   Number         0  entry12a.o ABSOLUTE
    ../clib/microlib/longlong.c              0x00000000   Number         0  llshl.o ABSOLUTE
    ../clib/microlib/longlong.c              0x00000000   Number         0  llsshr.o ABSOLUTE
    ../clib/microlib/longlong.c              0x00000000   Number         0  llushr.o ABSOLUTE
    ../clib/microlib/printf/printf.c         0x00000000   Number         0  printfa.o ABSOLUTE
    ../clib/microlib/stdio/fputc.c           0x00000000   Number         0  fputc.o ABSOLUTE
    ../clib/microlib/stdio/semi.s            0x00000000   Number         0  semi.o ABSOLUTE
    ../clib/microlib/stdio/streams.c         0x00000000   Number         0  stdout.o ABSOLUTE
    ../clib/microlib/string/memset.c         0x00000000   Number         0  memseta.o ABSOLUTE
    ../clib/microlib/string/strcmp.c         0x00000000   Number         0  strcmp.o ABSOLUTE
    ../clib/microlib/string/strlen.c         0x00000000   Number         0  strlen.o ABSOLUTE
    ../clib/microlib/stubs.s                 0x00000000   Number         0  iusefp.o ABSOLUTE
    ../clib/microlib/stubs.s                 0x00000000   Number         0  iusesemip.o ABSOLUTE
    ../fplib/microlib/d2f.c                  0x00000000   Number         0  d2f.o ABSOLUTE
    ../fplib/microlib/fpadd.c                0x00000000   Number         0  dadd.o ABSOLUTE
    ../fplib/microlib/fpdiv.c                0x00000000   Number         0  ddiv.o ABSOLUTE
    ../fplib/microlib/fpepilogue.c           0x00000000   Number         0  depilogue.o ABSOLUTE
    ../fplib/microlib/fpepilogue.c           0x00000000   Number         0  fepilogue.o ABSOLUTE
    ../fplib/microlib/fpfix.c                0x00000000   Number         0  dfixul.o ABSOLUTE
    ../fplib/microlib/fpfix.c                0x00000000   Number         0  dfixi.o ABSOLUTE
    ../fplib/microlib/fpfix.c                0x00000000   Number         0  dfixui.o ABSOLUTE
    ../fplib/microlib/fpflt.c                0x00000000   Number         0  dflti.o ABSOLUTE
    ../fplib/microlib/fpflt.c                0x00000000   Number         0  dfltui.o ABSOLUTE
    ../fplib/microlib/fpmul.c                0x00000000   Number         0  dmul.o ABSOLUTE
    ../fplib/microlib/fpneg.c                0x00000000   Number         0  dneg.o ABSOLUTE
    ../mathlib/atan.c                        0x00000000   Number         0  atan.o ABSOLUTE
    ../mathlib/atan.c                        0x00000000   Number         0  atan_x.o ABSOLUTE
    ../mathlib/atan2.c                       0x00000000   Number         0  atan2.o ABSOLUTE
    ../mathlib/atan2.c                       0x00000000   Number         0  atan2_x.o ABSOLUTE
    ../mathlib/dunder.c                      0x00000000   Number         0  dunder.o ABSOLUTE
    ../mathlib/fabs.c                        0x00000000   Number         0  fabs.o ABSOLUTE
    ../mathlib/fpclassify.c                  0x00000000   Number         0  fpclassify.o ABSOLUTE
    ../mathlib/poly.c                        0x00000000   Number         0  poly.o ABSOLUTE
    ../mathlib/qnan.c                        0x00000000   Number         0  qnan.o ABSOLUTE
    ..\..\BSP\KEY\key.c                      0x00000000   Number         0  key.o ABSOLUTE
    ..\..\BSP\LED\led.c                      0x00000000   Number         0  led.o ABSOLUTE
    ..\..\BSP\OLED\oled.c                    0x00000000   Number         0  oled.o ABSOLUTE
    ..\..\BSP\OLED\oled_data.c               0x00000000   Number         0  oled_data.o ABSOLUTE
    ..\..\Core\TM4C123Gxx\Src\gpio_user.c    0x00000000   Number         0  gpio_user.o ABSOLUTE
    ..\..\Core\TM4C123Gxx\Src\i2c_user.c     0x00000000   Number         0  i2c_user.o ABSOLUTE
    ..\..\Core\TM4C123Gxx\Src\spi_user.c     0x00000000   Number         0  spi_user.o ABSOLUTE
    ..\..\Core\TM4C123Gxx\Src\sys_user.c     0x00000000   Number         0  sys_user.o ABSOLUTE
    ..\..\Drivers\CMSIS\TM4C123Gxx\startup_rvmdk.S 0x00000000   Number         0  startup_rvmdk.o ABSOLUTE
    ..\..\Drivers\TM4C123G_Driver\driverlib\adc.c 0x00000000   Number         0  adc.o ABSOLUTE
    ..\..\Drivers\TM4C123G_Driver\driverlib\aes.c 0x00000000   Number         0  aes.o ABSOLUTE
    ..\..\Drivers\TM4C123G_Driver\driverlib\can.c 0x00000000   Number         0  can.o ABSOLUTE
    ..\..\Drivers\TM4C123G_Driver\driverlib\comp.c 0x00000000   Number         0  comp.o ABSOLUTE
    ..\..\Drivers\TM4C123G_Driver\driverlib\cpu.c 0x00000000   Number         0  cpu.o ABSOLUTE
    ..\..\Drivers\TM4C123G_Driver\driverlib\crc.c 0x00000000   Number         0  crc.o ABSOLUTE
    ..\..\Drivers\TM4C123G_Driver\driverlib\des.c 0x00000000   Number         0  des.o ABSOLUTE
    ..\..\Drivers\TM4C123G_Driver\driverlib\eeprom.c 0x00000000   Number         0  eeprom.o ABSOLUTE
    ..\..\Drivers\TM4C123G_Driver\driverlib\emac.c 0x00000000   Number         0  emac.o ABSOLUTE
    ..\..\Drivers\TM4C123G_Driver\driverlib\epi.c 0x00000000   Number         0  epi.o ABSOLUTE
    ..\..\Drivers\TM4C123G_Driver\driverlib\flash.c 0x00000000   Number         0  flash.o ABSOLUTE
    ..\..\Drivers\TM4C123G_Driver\driverlib\fpu.c 0x00000000   Number         0  fpu.o ABSOLUTE
    ..\..\Drivers\TM4C123G_Driver\driverlib\gpio.c 0x00000000   Number         0  gpio.o ABSOLUTE
    ..\..\Drivers\TM4C123G_Driver\driverlib\hibernate.c 0x00000000   Number         0  hibernate.o ABSOLUTE
    ..\..\Drivers\TM4C123G_Driver\driverlib\i2c.c 0x00000000   Number         0  i2c.o ABSOLUTE
    ..\..\Drivers\TM4C123G_Driver\driverlib\interrupt.c 0x00000000   Number         0  interrupt.o ABSOLUTE
    ..\..\Drivers\TM4C123G_Driver\driverlib\lcd.c 0x00000000   Number         0  lcd.o ABSOLUTE
    ..\..\Drivers\TM4C123G_Driver\driverlib\mpu.c 0x00000000   Number         0  mpu.o ABSOLUTE
    ..\..\Drivers\TM4C123G_Driver\driverlib\onewire.c 0x00000000   Number         0  onewire.o ABSOLUTE
    ..\..\Drivers\TM4C123G_Driver\driverlib\pwm.c 0x00000000   Number         0  pwm.o ABSOLUTE
    ..\..\Drivers\TM4C123G_Driver\driverlib\qei.c 0x00000000   Number         0  qei.o ABSOLUTE
    ..\..\Drivers\TM4C123G_Driver\driverlib\shamd5.c 0x00000000   Number         0  shamd5.o ABSOLUTE
    ..\..\Drivers\TM4C123G_Driver\driverlib\ssi.c 0x00000000   Number         0  ssi.o ABSOLUTE
    ..\..\Drivers\TM4C123G_Driver\driverlib\sw_crc.c 0x00000000   Number         0  sw_crc.o ABSOLUTE
    ..\..\Drivers\TM4C123G_Driver\driverlib\sysctl.c 0x00000000   Number         0  sysctl.o ABSOLUTE
    ..\..\Drivers\TM4C123G_Driver\driverlib\sysexc.c 0x00000000   Number         0  sysexc.o ABSOLUTE
    ..\..\Drivers\TM4C123G_Driver\driverlib\systick.c 0x00000000   Number         0  systick.o ABSOLUTE
    ..\..\Drivers\TM4C123G_Driver\driverlib\timer.c 0x00000000   Number         0  timer.o ABSOLUTE
    ..\..\Drivers\TM4C123G_Driver\driverlib\uart.c 0x00000000   Number         0  uart.o ABSOLUTE
    ..\..\Drivers\TM4C123G_Driver\driverlib\udma.c 0x00000000   Number         0  udma.o ABSOLUTE
    ..\..\Drivers\TM4C123G_Driver\driverlib\usb.c 0x00000000   Number         0  usb.o ABSOLUTE
    ..\..\Drivers\TM4C123G_Driver\driverlib\watchdog.c 0x00000000   Number         0  watchdog.o ABSOLUTE
    ..\..\User_Task\TM4C123G\main.c          0x00000000   Number         0  main.o ABSOLUTE
    ..\..\User_Task\TM4C123G\scheduler.c     0x00000000   Number         0  scheduler.o ABSOLUTE
    ..\..\User_Task\Task_control\tempalte.c  0x00000000   Number         0  tempalte.o ABSOLUTE
    ..\\..\\Drivers\\TM4C123G_Driver\\driverlib\\cpu.c 0x00000000   Number         0  cpu.o ABSOLUTE
    ..\\..\\Drivers\\TM4C123G_Driver\\driverlib\\sysctl.c 0x00000000   Number         0  sysctl.o ABSOLUTE
    cdcmple.s                                0x00000000   Number         0  cdcmple.o ABSOLUTE
    cdrcmple.s                               0x00000000   Number         0  cdrcmple.o ABSOLUTE
    dc.s                                     0x00000000   Number         0  dc.o ABSOLUTE
    handlers.s                               0x00000000   Number         0  handlers.o ABSOLUTE
    init.s                                   0x00000000   Number         0  init.o ABSOLUTE
    $v0                                      0x0000026c   Number         0  startup_rvmdk.o(RESET)
    NmiSR                                    0x00000281   Thumb Code     0  startup_rvmdk.o(RESET)
    FaultISR                                 0x00000283   Thumb Code     0  startup_rvmdk.o(RESET)
    IntDefaultHandler                        0x00000285   Thumb Code     0  startup_rvmdk.o(RESET)
    .ARM.Collect$$$$00000000                 0x00000288   Section        0  entry.o(.ARM.Collect$$$$00000000)
    .ARM.Collect$$$$00000001                 0x00000288   Section        4  entry2.o(.ARM.Collect$$$$00000001)
    .ARM.Collect$$$$00000004                 0x0000028c   Section        4  entry5.o(.ARM.Collect$$$$00000004)
    .ARM.Collect$$$$00000008                 0x00000290   Section        0  entry7b.o(.ARM.Collect$$$$00000008)
    .ARM.Collect$$$$0000000A                 0x00000290   Section        0  entry8b.o(.ARM.Collect$$$$0000000A)
    .ARM.Collect$$$$0000000B                 0x00000290   Section        8  entry9a.o(.ARM.Collect$$$$0000000B)
    .ARM.Collect$$$$0000000E                 0x00000298   Section        4  entry12b.o(.ARM.Collect$$$$0000000E)
    .ARM.Collect$$$$0000000F                 0x0000029c   Section        0  entry10a.o(.ARM.Collect$$$$0000000F)
    .ARM.Collect$$$$00000011                 0x0000029c   Section        0  entry11a.o(.ARM.Collect$$$$00000011)
    .ARM.Collect$$$$00002712                 0x0000029c   Section        4  entry2.o(.ARM.Collect$$$$00002712)
    __lit__00000000                          0x0000029c   Data           4  entry2.o(.ARM.Collect$$$$00002712)
    .emb_text                                0x000002a0   Section        6  sysctl.o(.emb_text)
    $v0                                      0x000002a0   Number         0  sysctl.o(.emb_text)
    .text                                    0x000002a6   Section        0  memseta.o(.text)
    .text                                    0x000002cc   Section       36  init.o(.text)
    .text                                    0x000002f0   Section        0  __dczerorl.o(.text)
    i.FPUEnable                              0x0000032c   Section        0  fpu.o(i.FPUEnable)
    i.FPULazyStackingEnable                  0x0000033c   Section        0  fpu.o(i.FPULazyStackingEnable)
    i.GPIODirModeSet                         0x0000034c   Section        0  gpio.o(i.GPIODirModeSet)
    i.GPIOPadConfigSet                       0x0000037c   Section        0  gpio.o(i.GPIOPadConfigSet)
    i.GPIOPinTypeGPIOInput                   0x00000504   Section        0  gpio.o(i.GPIOPinTypeGPIOInput)
    i.GPIOPinTypeGPIOOutput                  0x00000524   Section        0  gpio.o(i.GPIOPinTypeGPIOOutput)
    i.GPIOPinTypeGPIOOutputOD                0x00000544   Section        0  gpio.o(i.GPIOPinTypeGPIOOutputOD)
    i.GPIOPinWrite                           0x00000564   Section        0  gpio.o(i.GPIOPinWrite)
    i.GPIO_WritePin                          0x0000056a   Section        0  gpio_user.o(i.GPIO_WritePin)
    i.Get_TickMs                             0x0000057a   Section        0  sys_user.o(i.Get_TickMs)
    i.Get_TickUs                             0x0000058c   Section        0  sys_user.o(i.Get_TickUs)
    i.Hardware_I2C_Mem_Write                 0x000005c4   Section        0  i2c_user.o(i.Hardware_I2C_Mem_Write)
    i.Hardware_SPI_Transmit                  0x000005c8   Section        0  spi_user.o(i.Hardware_SPI_Transmit)
    i.I2C_Mem_Write                          0x000005cc   Section        0  i2c_user.o(i.I2C_Mem_Write)
    i.IntPriorityGroupingSet                 0x00000608   Section        0  interrupt.o(i.IntPriorityGroupingSet)
    i.IntRegister                            0x00000624   Section        0  interrupt.o(i.IntRegister)
    i.LED_PIN_Init                           0x00000654   Section        0  led.o(i.LED_PIN_Init)
    i.LED_TogglePin                          0x0000070c   Section        0  led.o(i.LED_TogglePin)
    i.LED_init                               0x0000073c   Section        0  tempalte.o(i.LED_init)
    i.Loop_100Hz                             0x00000784   Section        0  scheduler.o(i.Loop_100Hz)
    Loop_100Hz                               0x00000785   Thumb Code     2  scheduler.o(i.Loop_100Hz)
    i.Loop_10Hz                              0x00000786   Section        0  scheduler.o(i.Loop_10Hz)
    Loop_10Hz                                0x00000787   Thumb Code     2  scheduler.o(i.Loop_10Hz)
    i.Loop_1Hz                               0x00000788   Section        0  scheduler.o(i.Loop_1Hz)
    Loop_1Hz                                 0x00000789   Thumb Code     2  scheduler.o(i.Loop_1Hz)
    i.Loop_20Hz                              0x0000078a   Section        0  scheduler.o(i.Loop_20Hz)
    Loop_20Hz                                0x0000078b   Thumb Code     4  scheduler.o(i.Loop_20Hz)
    i.Loop_2Hz                               0x00000790   Section        0  scheduler.o(i.Loop_2Hz)
    Loop_2Hz                                 0x00000791   Thumb Code     6  scheduler.o(i.Loop_2Hz)
    i.Loop_50Hz                              0x0000079c   Section        0  scheduler.o(i.Loop_50Hz)
    Loop_50Hz                                0x0000079d   Thumb Code     2  scheduler.o(i.Loop_50Hz)
    i.Loop_5Hz                               0x0000079e   Section        0  scheduler.o(i.Loop_5Hz)
    Loop_5Hz                                 0x0000079f   Thumb Code     2  scheduler.o(i.Loop_5Hz)
    i.Loop_while                             0x000007a0   Section        0  scheduler.o(i.Loop_while)
    Loop_while                               0x000007a1   Thumb Code     2  scheduler.o(i.Loop_while)
    i.OLED1_I2C_INIT                         0x000007a4   Section        0  tempalte.o(i.OLED1_I2C_INIT)
    i.OLED2_SPI_INIT                         0x000007d0   Section        0  tempalte.o(i.OLED2_SPI_INIT)
    i.OLED_CONTROL                           0x00000818   Section        0  tempalte.o(i.OLED_CONTROL)
    i.OLED_Clear                             0x00000934   Section        0  oled.o(i.OLED_Clear)
    i.OLED_ClearArea                         0x00000956   Section        0  oled.o(i.OLED_ClearArea)
    i.OLED_Init                              0x00000a2a   Section        0  oled.o(i.OLED_Init)
    i.OLED_Mem_Write                         0x00000af6   Section        0  oled.o(i.OLED_Mem_Write)
    OLED_Mem_Write                           0x00000af7   Thumb Code   170  oled.o(i.OLED_Mem_Write)
    i.OLED_Pow                               0x00000ba0   Section        0  oled.o(i.OLED_Pow)
    i.OLED_SPI_PIN_Init                      0x00000bb0   Section        0  oled.o(i.OLED_SPI_PIN_Init)
    i.OLED_SetCursor                         0x00000d60   Section        0  oled.o(i.OLED_SetCursor)
    i.OLED_ShowChar                          0x00000d88   Section        0  oled.o(i.OLED_ShowChar)
    i.OLED_ShowImage                         0x00000ddc   Section        0  oled.o(i.OLED_ShowImage)
    i.OLED_ShowNum                           0x0000100e   Section        0  oled.o(i.OLED_ShowNum)
    i.OLED_Update                            0x000010c4   Section        0  oled.o(i.OLED_Update)
    i.OLED_WriteCommand                      0x000010f2   Section        0  oled.o(i.OLED_WriteCommand)
    i.OLED_WriteData                         0x00001100   Section        0  oled.o(i.OLED_WriteData)
    i.SPI_Transmit                           0x0000110a   Section        0  spi_user.o(i.SPI_Transmit)
    i.Scheduler_Run                          0x00001138   Section        0  scheduler.o(i.Scheduler_Run)
    i.Scheduler_Setup                        0x00001168   Section        0  scheduler.o(i.Scheduler_Setup)
    i.Software_I2C1_Init                     0x000011a4   Section        0  i2c_user.o(i.Software_I2C1_Init)
    i.Software_I2C_Init                      0x000011cc   Section        0  i2c_user.o(i.Software_I2C_Init)
    i.Software_I2C_Mem_Write                 0x00001378   Section        0  i2c_user.o(i.Software_I2C_Mem_Write)
    i.Software_I2C_SendByte                  0x0000140a   Section        0  i2c_user.o(i.Software_I2C_SendByte)
    i.Software_I2C_Start                     0x000014e8   Section        0  i2c_user.o(i.Software_I2C_Start)
    i.Software_I2C_Stop                      0x0000154a   Section        0  i2c_user.o(i.Software_I2C_Stop)
    i.Software_SPI1_Init                     0x00001594   Section        0  spi_user.o(i.Software_SPI1_Init)
    i.Software_SPI_PIN_Init                  0x000015b8   Section        0  spi_user.o(i.Software_SPI_PIN_Init)
    i.Software_SPI_SwapByte                  0x0000173c   Section        0  spi_user.o(i.Software_SPI_SwapByte)
    i.Software_SPI_Transmit                  0x00001792   Section        0  spi_user.o(i.Software_SPI_Transmit)
    i.SysCtlClockGet                         0x000017d4   Section        0  sysctl.o(i.SysCtlClockGet)
    i.SysCtlClockSet                         0x00001918   Section        0  sysctl.o(i.SysCtlClockSet)
    i.SysCtlPeripheralEnable                 0x00001a04   Section        0  sysctl.o(i.SysCtlPeripheralEnable)
    i.SysTickEnable                          0x00001a2c   Section        0  systick.o(i.SysTickEnable)
    i.SysTickIntEnable                       0x00001a3a   Section        0  systick.o(i.SysTickIntEnable)
    i.SysTickIntRegister                     0x00001a48   Section        0  systick.o(i.SysTickIntRegister)
    i.SysTickPeriodGet                       0x00001a60   Section        0  systick.o(i.SysTickPeriodGet)
    i.SysTickPeriodSet                       0x00001a6a   Section        0  systick.o(i.SysTickPeriodSet)
    i.SysTickValueGet                        0x00001a74   Section        0  systick.o(i.SysTickValueGet)
    i.SysTick_Handler                        0x00001a7c   Section        0  sys_user.o(i.SysTick_Handler)
    i.SysTick_Init                           0x00001a8c   Section        0  sys_user.o(i.SysTick_Init)
    i.System_Init                            0x00001ab4   Section        0  sys_user.o(i.System_Init)
    i.Tempalte_HW_INIT                       0x00001ad8   Section        0  tempalte.o(i.Tempalte_HW_INIT)
    i.__scatterload_copy                     0x00001b0c   Section       14  handlers.o(i.__scatterload_copy)
    i.__scatterload_null                     0x00001b1a   Section        2  handlers.o(i.__scatterload_null)
    i.__scatterload_zeroinit                 0x00001b1c   Section       14  handlers.o(i.__scatterload_zeroinit)
    i.main                                   0x00001b2a   Section        0  main.o(i.main)
    .constdata                               0x00001b3c   Section      570  oled_data.o(.constdata)
    .constdata                               0x00001d76   Section     1520  oled_data.o(.constdata)
    .constdata                               0x00002368   Section      596  sysctl.o(.constdata)
    g_pui32VCOFrequencies                    0x00002368   Data           8  sysctl.o(.constdata)
    g_pui32Xtals                             0x00002370   Data         108  sysctl.o(.constdata)
    g_pppui32XTALtoVCO                       0x000023dc   Data         432  sysctl.o(.constdata)
    g_sXTALtoMEMTIM                          0x0000258c   Data          48  sysctl.o(.constdata)
    .constdata                               0x000025bc   Section      268  interrupt.o(.constdata)
    g_pui32Priority                          0x000025bc   Data          32  interrupt.o(.constdata)
    g_pui32Regs                              0x000025dc   Data         156  interrupt.o(.constdata)
    g_pui32EnRegs                            0x00002678   Data          20  interrupt.o(.constdata)
    g_pui32Dii16Regs                         0x0000268c   Data          20  interrupt.o(.constdata)
    g_pui32PendRegs                          0x000026a0   Data          20  interrupt.o(.constdata)
    g_pui32UnpendRegs                        0x000026b4   Data          20  interrupt.o(.constdata)
    .data                                    0x20000000   Section      112  scheduler.o(.data)
    sched_tasks                              0x20000000   Data         112  scheduler.o(.data)
    .data                                    0x20000070   Section        4  scheduler.o(.data)
    .data                                    0x20000074   Section        4  scheduler.o(.data)
    .data                                    0x20000078   Section        4  scheduler.o(.data)
    .data                                    0x2000007c   Section        4  tempalte.o(.data)
    .data                                    0x20000080   Section        4  sys_user.o(.data)
    vtable                                   0x20000400   Section      620  interrupt.o(vtable)
    g_pfnRAMVectors                          0x20000400   Data         620  interrupt.o(vtable)
    .bss                                     0x2000066c   Section     2172  tempalte.o(.bss)
    .bss                                     0x20000ee8   Section       28  i2c_user.o(.bss)
    .bss                                     0x20000f04   Section       28  spi_user.o(.bss)
    STACK                                    0x20000f20   Section     2048  startup_rvmdk.o(STACK)
    StackMem                                 0x20000f20   Data           0  startup_rvmdk.o(STACK)

    Global Symbols

    Symbol Name                              Value     Ov Type        Size  Object(Section)

    BuildAttributes$$THM_ISAv4$E$P$D$K$B$S$7EM$VFPi3$EXTD16$VFPS$VFMA$PE$A:L22UL41UL21$X:L11$S22US41US21$IEEE1$IW$USESV6$~STKCKD$USESV7$~SHL$OTIME$ROPI$IEEEX$EBA8$MICROLIB$REQ8$PRES8$EABIv2 0x00000000   Number         0  anon$$obj.o ABSOLUTE
    __ARM_use_no_argv                        0x00000000   Number         0  main.o ABSOLUTE
    __Vectors                                0x00000000   Data           0  startup_rvmdk.o(RESET)
    __arm_fini_                               - Undefined Weak Reference
    __cpp_initialize__aeabi_                  - Undefined Weak Reference
    __cxa_finalize                            - Undefined Weak Reference
    _clock_init                               - Undefined Weak Reference
    _microlib_exit                            - Undefined Weak Reference
    Reset_Handler                            0x0000026d   Thumb Code     0  startup_rvmdk.o(RESET)
    __main                                   0x00000289   Thumb Code     0  entry.o(.ARM.Collect$$$$00000000)
    _main_stk                                0x00000289   Thumb Code     0  entry2.o(.ARM.Collect$$$$00000001)
    _main_scatterload                        0x0000028d   Thumb Code     0  entry5.o(.ARM.Collect$$$$00000004)
    __main_after_scatterload                 0x00000291   Thumb Code     0  entry5.o(.ARM.Collect$$$$00000004)
    _main_clock                              0x00000291   Thumb Code     0  entry7b.o(.ARM.Collect$$$$00000008)
    _main_cpp_init                           0x00000291   Thumb Code     0  entry8b.o(.ARM.Collect$$$$0000000A)
    _main_init                               0x00000291   Thumb Code     0  entry9a.o(.ARM.Collect$$$$0000000B)
    __rt_lib_shutdown_fini                   0x00000299   Thumb Code     0  entry12b.o(.ARM.Collect$$$$0000000E)
    __rt_final_cpp                           0x0000029d   Thumb Code     0  entry10a.o(.ARM.Collect$$$$0000000F)
    __rt_final_exit                          0x0000029d   Thumb Code     0  entry11a.o(.ARM.Collect$$$$00000011)
    SysCtlDelay                              0x000002a1   Thumb Code     6  sysctl.o(.emb_text)
    __aeabi_memset                           0x000002a7   Thumb Code    14  memseta.o(.text)
    __aeabi_memset4                          0x000002a7   Thumb Code     0  memseta.o(.text)
    __aeabi_memset8                          0x000002a7   Thumb Code     0  memseta.o(.text)
    __aeabi_memclr                           0x000002b5   Thumb Code     4  memseta.o(.text)
    __aeabi_memclr4                          0x000002b5   Thumb Code     0  memseta.o(.text)
    __aeabi_memclr8                          0x000002b5   Thumb Code     0  memseta.o(.text)
    _memset$wrapper                          0x000002b9   Thumb Code    18  memseta.o(.text)
    __scatterload                            0x000002cd   Thumb Code    28  init.o(.text)
    __scatterload_rt2                        0x000002cd   Thumb Code     0  init.o(.text)
    __decompress                             0x000002f1   Thumb Code     0  __dczerorl.o(.text)
    __decompress0                            0x000002f1   Thumb Code    58  __dczerorl.o(.text)
    FPUEnable                                0x0000032d   Thumb Code    12  fpu.o(i.FPUEnable)
    FPULazyStackingEnable                    0x0000033d   Thumb Code    12  fpu.o(i.FPULazyStackingEnable)
    GPIODirModeSet                           0x0000034d   Thumb Code    46  gpio.o(i.GPIODirModeSet)
    GPIOPadConfigSet                         0x0000037d   Thumb Code   380  gpio.o(i.GPIOPadConfigSet)
    GPIOPinTypeGPIOInput                     0x00000505   Thumb Code    32  gpio.o(i.GPIOPinTypeGPIOInput)
    GPIOPinTypeGPIOOutput                    0x00000525   Thumb Code    32  gpio.o(i.GPIOPinTypeGPIOOutput)
    GPIOPinTypeGPIOOutputOD                  0x00000545   Thumb Code    32  gpio.o(i.GPIOPinTypeGPIOOutputOD)
    GPIOPinWrite                             0x00000565   Thumb Code     6  gpio.o(i.GPIOPinWrite)
    GPIO_WritePin                            0x0000056b   Thumb Code    16  gpio_user.o(i.GPIO_WritePin)
    Get_TickMs                               0x0000057b   Thumb Code    16  sys_user.o(i.Get_TickMs)
    Get_TickUs                               0x0000058d   Thumb Code    50  sys_user.o(i.Get_TickUs)
    Hardware_I2C_Mem_Write                   0x000005c5   Thumb Code     4  i2c_user.o(i.Hardware_I2C_Mem_Write)
    Hardware_SPI_Transmit                    0x000005c9   Thumb Code     4  spi_user.o(i.Hardware_SPI_Transmit)
    I2C_Mem_Write                            0x000005cd   Thumb Code    58  i2c_user.o(i.I2C_Mem_Write)
    IntPriorityGroupingSet                   0x00000609   Thumb Code    16  interrupt.o(i.IntPriorityGroupingSet)
    IntRegister                              0x00000625   Thumb Code    38  interrupt.o(i.IntRegister)
    LED_PIN_Init                             0x00000655   Thumb Code   170  led.o(i.LED_PIN_Init)
    LED_TogglePin                            0x0000070d   Thumb Code    46  led.o(i.LED_TogglePin)
    LED_init                                 0x0000073d   Thumb Code    64  tempalte.o(i.LED_init)
    OLED1_I2C_INIT                           0x000007a5   Thumb Code    40  tempalte.o(i.OLED1_I2C_INIT)
    OLED2_SPI_INIT                           0x000007d1   Thumb Code    66  tempalte.o(i.OLED2_SPI_INIT)
    OLED_CONTROL                             0x00000819   Thumb Code   260  tempalte.o(i.OLED_CONTROL)
    OLED_Clear                               0x00000935   Thumb Code    34  oled.o(i.OLED_Clear)
    OLED_ClearArea                           0x00000957   Thumb Code   212  oled.o(i.OLED_ClearArea)
    OLED_Init                                0x00000a2b   Thumb Code   204  oled.o(i.OLED_Init)
    OLED_Pow                                 0x00000ba1   Thumb Code    16  oled.o(i.OLED_Pow)
    OLED_SPI_PIN_Init                        0x00000bb1   Thumb Code   420  oled.o(i.OLED_SPI_PIN_Init)
    OLED_SetCursor                           0x00000d61   Thumb Code    40  oled.o(i.OLED_SetCursor)
    OLED_ShowChar                            0x00000d89   Thumb Code    74  oled.o(i.OLED_ShowChar)
    OLED_ShowImage                           0x00000ddd   Thumb Code   562  oled.o(i.OLED_ShowImage)
    OLED_ShowNum                             0x0000100f   Thumb Code   182  oled.o(i.OLED_ShowNum)
    OLED_Update                              0x000010c5   Thumb Code    46  oled.o(i.OLED_Update)
    OLED_WriteCommand                        0x000010f3   Thumb Code    14  oled.o(i.OLED_WriteCommand)
    OLED_WriteData                           0x00001101   Thumb Code    10  oled.o(i.OLED_WriteData)
    SPI_Transmit                             0x0000110b   Thumb Code    46  spi_user.o(i.SPI_Transmit)
    Scheduler_Run                            0x00001139   Thumb Code    44  scheduler.o(i.Scheduler_Run)
    Scheduler_Setup                          0x00001169   Thumb Code    54  scheduler.o(i.Scheduler_Setup)
    Software_I2C1_Init                       0x000011a5   Thumb Code    32  i2c_user.o(i.Software_I2C1_Init)
    Software_I2C_Init                        0x000011cd   Thumb Code   406  i2c_user.o(i.Software_I2C_Init)
    Software_I2C_Mem_Write                   0x00001379   Thumb Code   146  i2c_user.o(i.Software_I2C_Mem_Write)
    Software_I2C_SendByte                    0x0000140b   Thumb Code   222  i2c_user.o(i.Software_I2C_SendByte)
    Software_I2C_Start                       0x000014e9   Thumb Code    98  i2c_user.o(i.Software_I2C_Start)
    Software_I2C_Stop                        0x0000154b   Thumb Code    74  i2c_user.o(i.Software_I2C_Stop)
    Software_SPI1_Init                       0x00001595   Thumb Code    30  spi_user.o(i.Software_SPI1_Init)
    Software_SPI_PIN_Init                    0x000015b9   Thumb Code   376  spi_user.o(i.Software_SPI_PIN_Init)
    Software_SPI_SwapByte                    0x0000173d   Thumb Code    86  spi_user.o(i.Software_SPI_SwapByte)
    Software_SPI_Transmit                    0x00001793   Thumb Code    66  spi_user.o(i.Software_SPI_Transmit)
    SysCtlClockGet                           0x000017d5   Thumb Code   286  sysctl.o(i.SysCtlClockGet)
    SysCtlClockSet                           0x00001919   Thumb Code   220  sysctl.o(i.SysCtlClockSet)
    SysCtlPeripheralEnable                   0x00001a05   Thumb Code    36  sysctl.o(i.SysCtlPeripheralEnable)
    SysTickEnable                            0x00001a2d   Thumb Code    14  systick.o(i.SysTickEnable)
    SysTickIntEnable                         0x00001a3b   Thumb Code    14  systick.o(i.SysTickIntEnable)
    SysTickIntRegister                       0x00001a49   Thumb Code    24  systick.o(i.SysTickIntRegister)
    SysTickPeriodGet                         0x00001a61   Thumb Code    10  systick.o(i.SysTickPeriodGet)
    SysTickPeriodSet                         0x00001a6b   Thumb Code    10  systick.o(i.SysTickPeriodSet)
    SysTickValueGet                          0x00001a75   Thumb Code     8  systick.o(i.SysTickValueGet)
    SysTick_Handler                          0x00001a7d   Thumb Code    10  sys_user.o(i.SysTick_Handler)
    SysTick_Init                             0x00001a8d   Thumb Code    36  sys_user.o(i.SysTick_Init)
    System_Init                              0x00001ab5   Thumb Code    30  sys_user.o(i.System_Init)
    Tempalte_HW_INIT                         0x00001ad9   Thumb Code    40  tempalte.o(i.Tempalte_HW_INIT)
    __scatterload_copy                       0x00001b0d   Thumb Code    14  handlers.o(i.__scatterload_copy)
    __scatterload_null                       0x00001b1b   Thumb Code     2  handlers.o(i.__scatterload_null)
    __scatterload_zeroinit                   0x00001b1d   Thumb Code    14  handlers.o(i.__scatterload_zeroinit)
    main                                     0x00001b2b   Thumb Code    18  main.o(i.main)
    OLED_F6x8                                0x00001b3c   Data         570  oled_data.o(.constdata)
    OLED_F8x16                               0x00001d76   Data        1520  oled_data.o(.constdata)
    Region$$Table$$Base                      0x000026c8   Number         0  anon$$obj.o(Region$$Table)
    Region$$Table$$Limit                     0x000026e8   Number         0  anon$$obj.o(Region$$Table)
    time                                     0x20000070   Data           4  scheduler.o(.data)
    time_last                                0x20000074   Data           4  scheduler.o(.data)
    time_num                                 0x20000078   Data           4  scheduler.o(.data)
    time_num_a                               0x2000007c   Data           4  tempalte.o(.data)
    uwTick                                   0x20000080   Data           4  sys_user.o(.data)
    LED1                                     0x2000066c   Data          12  tempalte.o(.bss)
    LED2                                     0x20000678   Data          12  tempalte.o(.bss)
    LED3                                     0x20000684   Data          12  tempalte.o(.bss)
    OLED1                                    0x20000690   Data        1068  tempalte.o(.bss)
    OLED2                                    0x20000abc   Data        1068  tempalte.o(.bss)
    Software_I2C1                            0x20000ee8   Data          28  i2c_user.o(.bss)
    Software_SPI1                            0x20000f04   Data          28  spi_user.o(.bss)
    __initial_sp                             0x20001720   Data           0  startup_rvmdk.o(STACK)



==============================================================================

Memory Map of the image

  Image Entry point : 0x00000289

  Load Region LR_IROM1 (Base: 0x00000000, Size: 0x00002d54, Max: 0x00040000, ABSOLUTE, COMPRESSED[0x00002718])

    Execution Region ER_IROM1 (Exec base: 0x00000000, Load base: 0x00000000, Size: 0x000026e8, Max: 0x00040000, ABSOLUTE)

    Exec Addr    Load Addr    Size         Type   Attr      Idx    E Section Name        Object

    0x00000000   0x00000000   0x00000288   Code   RO            3    RESET               startup_rvmdk.o
    0x00000288   0x00000288   0x00000000   Code   RO         6853  * .ARM.Collect$$$$00000000  mc_w.l(entry.o)
    0x00000288   0x00000288   0x00000004   Code   RO         6947    .ARM.Collect$$$$00000001  mc_w.l(entry2.o)
    0x0000028c   0x0000028c   0x00000004   Code   RO         6950    .ARM.Collect$$$$00000004  mc_w.l(entry5.o)
    0x00000290   0x00000290   0x00000000   Code   RO         6952    .ARM.Collect$$$$00000008  mc_w.l(entry7b.o)
    0x00000290   0x00000290   0x00000000   Code   RO         6954    .ARM.Collect$$$$0000000A  mc_w.l(entry8b.o)
    0x00000290   0x00000290   0x00000008   Code   RO         6955    .ARM.Collect$$$$0000000B  mc_w.l(entry9a.o)
    0x00000298   0x00000298   0x00000004   Code   RO         6962    .ARM.Collect$$$$0000000E  mc_w.l(entry12b.o)
    0x0000029c   0x0000029c   0x00000000   Code   RO         6957    .ARM.Collect$$$$0000000F  mc_w.l(entry10a.o)
    0x0000029c   0x0000029c   0x00000000   Code   RO         6959    .ARM.Collect$$$$00000011  mc_w.l(entry11a.o)
    0x0000029c   0x0000029c   0x00000004   Code   RO         6948    .ARM.Collect$$$$00002712  mc_w.l(entry2.o)
    0x000002a0   0x000002a0   0x00000006   Code   RO         5342    .emb_text           sysctl.o
    0x000002a6   0x000002a6   0x00000024   Code   RO         6856    .text               mc_w.l(memseta.o)
    0x000002ca   0x000002ca   0x00000002   PAD
    0x000002cc   0x000002cc   0x00000024   Code   RO         6994    .text               mc_w.l(init.o)
    0x000002f0   0x000002f0   0x0000003a   Code   RO         7006    .text               mc_w.l(__dczerorl.o)
    0x0000032a   0x0000032a   0x00000002   PAD
    0x0000032c   0x0000032c   0x00000010   Code   RO         1747    i.FPUEnable         fpu.o
    0x0000033c   0x0000033c   0x00000010   Code   RO         1750    i.FPULazyStackingEnable  fpu.o
    0x0000034c   0x0000034c   0x0000002e   Code   RO         3768    i.GPIODirModeSet    gpio.o
    0x0000037a   0x0000037a   0x00000002   PAD
    0x0000037c   0x0000037c   0x00000188   Code   RO         3780    i.GPIOPadConfigSet  gpio.o
    0x00000504   0x00000504   0x00000020   Code   RO         3791    i.GPIOPinTypeGPIOInput  gpio.o
    0x00000524   0x00000524   0x00000020   Code   RO         3792    i.GPIOPinTypeGPIOOutput  gpio.o
    0x00000544   0x00000544   0x00000020   Code   RO         3793    i.GPIOPinTypeGPIOOutputOD  gpio.o
    0x00000564   0x00000564   0x00000006   Code   RO         3810    i.GPIOPinWrite      gpio.o
    0x0000056a   0x0000056a   0x00000010   Code   RO          457    i.GPIO_WritePin     gpio_user.o
    0x0000057a   0x0000057a   0x00000010   Code   RO          408    i.Get_TickMs        sys_user.o
    0x0000058a   0x0000058a   0x00000002   PAD
    0x0000058c   0x0000058c   0x00000038   Code   RO          409    i.Get_TickUs        sys_user.o
    0x000005c4   0x000005c4   0x00000004   Code   RO          220    i.Hardware_I2C_Mem_Write  i2c_user.o
    0x000005c8   0x000005c8   0x00000004   Code   RO          320    i.Hardware_SPI_Transmit  spi_user.o
    0x000005cc   0x000005cc   0x0000003a   Code   RO          224    i.I2C_Mem_Write     i2c_user.o
    0x00000606   0x00000606   0x00000002   PAD
    0x00000608   0x00000608   0x0000001c   Code   RO         6153    i.IntPriorityGroupingSet  interrupt.o
    0x00000624   0x00000624   0x00000030   Code   RO         6157    i.IntRegister       interrupt.o
    0x00000654   0x00000654   0x000000b8   Code   RO          481    i.LED_PIN_Init      led.o
    0x0000070c   0x0000070c   0x0000002e   Code   RO          482    i.LED_TogglePin     led.o
    0x0000073a   0x0000073a   0x00000002   PAD
    0x0000073c   0x0000073c   0x00000048   Code   RO          176    i.LED_init          tempalte.o
    0x00000784   0x00000784   0x00000002   Code   RO          109    i.Loop_100Hz        scheduler.o
    0x00000786   0x00000786   0x00000002   Code   RO          110    i.Loop_10Hz         scheduler.o
    0x00000788   0x00000788   0x00000002   Code   RO          111    i.Loop_1Hz          scheduler.o
    0x0000078a   0x0000078a   0x00000004   Code   RO          112    i.Loop_20Hz         scheduler.o
    0x0000078e   0x0000078e   0x00000002   PAD
    0x00000790   0x00000790   0x0000000c   Code   RO          113    i.Loop_2Hz          scheduler.o
    0x0000079c   0x0000079c   0x00000002   Code   RO          114    i.Loop_50Hz         scheduler.o
    0x0000079e   0x0000079e   0x00000002   Code   RO          115    i.Loop_5Hz          scheduler.o
    0x000007a0   0x000007a0   0x00000002   Code   RO          116    i.Loop_while        scheduler.o
    0x000007a2   0x000007a2   0x00000002   PAD
    0x000007a4   0x000007a4   0x0000002c   Code   RO          177    i.OLED1_I2C_INIT    tempalte.o
    0x000007d0   0x000007d0   0x00000048   Code   RO          178    i.OLED2_SPI_INIT    tempalte.o
    0x00000818   0x00000818   0x0000011c   Code   RO          179    i.OLED_CONTROL      tempalte.o
    0x00000934   0x00000934   0x00000022   Code   RO          528    i.OLED_Clear        oled.o
    0x00000956   0x00000956   0x000000d4   Code   RO          529    i.OLED_ClearArea    oled.o
    0x00000a2a   0x00000a2a   0x000000cc   Code   RO          538    i.OLED_Init         oled.o
    0x00000af6   0x00000af6   0x000000aa   Code   RO          540    i.OLED_Mem_Write    oled.o
    0x00000ba0   0x00000ba0   0x00000010   Code   RO          541    i.OLED_Pow          oled.o
    0x00000bb0   0x00000bb0   0x000001b0   Code   RO          545    i.OLED_SPI_PIN_Init  oled.o
    0x00000d60   0x00000d60   0x00000028   Code   RO          546    i.OLED_SetCursor    oled.o
    0x00000d88   0x00000d88   0x00000054   Code   RO          548    i.OLED_ShowChar     oled.o
    0x00000ddc   0x00000ddc   0x00000232   Code   RO          552    i.OLED_ShowImage    oled.o
    0x0000100e   0x0000100e   0x000000b6   Code   RO          553    i.OLED_ShowNum      oled.o
    0x000010c4   0x000010c4   0x0000002e   Code   RO          558    i.OLED_Update       oled.o
    0x000010f2   0x000010f2   0x0000000e   Code   RO          560    i.OLED_WriteCommand  oled.o
    0x00001100   0x00001100   0x0000000a   Code   RO          561    i.OLED_WriteData    oled.o
    0x0000110a   0x0000110a   0x0000002e   Code   RO          323    i.SPI_Transmit      spi_user.o
    0x00001138   0x00001138   0x00000030   Code   RO          117    i.Scheduler_Run     scheduler.o
    0x00001168   0x00001168   0x0000003c   Code   RO          118    i.Scheduler_Setup   scheduler.o
    0x000011a4   0x000011a4   0x00000028   Code   RO          225    i.Software_I2C1_Init  i2c_user.o
    0x000011cc   0x000011cc   0x000001ac   Code   RO          226    i.Software_I2C_Init  i2c_user.o
    0x00001378   0x00001378   0x00000092   Code   RO          228    i.Software_I2C_Mem_Write  i2c_user.o
    0x0000140a   0x0000140a   0x000000de   Code   RO          230    i.Software_I2C_SendByte  i2c_user.o
    0x000014e8   0x000014e8   0x00000062   Code   RO          231    i.Software_I2C_Start  i2c_user.o
    0x0000154a   0x0000154a   0x0000004a   Code   RO          232    i.Software_I2C_Stop  i2c_user.o
    0x00001594   0x00001594   0x00000024   Code   RO          325    i.Software_SPI1_Init  spi_user.o
    0x000015b8   0x000015b8   0x00000184   Code   RO          326    i.Software_SPI_PIN_Init  spi_user.o
    0x0000173c   0x0000173c   0x00000056   Code   RO          328    i.Software_SPI_SwapByte  spi_user.o
    0x00001792   0x00001792   0x00000042   Code   RO          329    i.Software_SPI_Transmit  spi_user.o
    0x000017d4   0x000017d4   0x00000144   Code   RO         5345    i.SysCtlClockGet    sysctl.o
    0x00001918   0x00001918   0x000000ec   Code   RO         5347    i.SysCtlClockSet    sysctl.o
    0x00001a04   0x00001a04   0x00000028   Code   RO         5376    i.SysCtlPeripheralEnable  sysctl.o
    0x00001a2c   0x00001a2c   0x0000000e   Code   RO         5761    i.SysTickEnable     systick.o
    0x00001a3a   0x00001a3a   0x0000000e   Code   RO         5763    i.SysTickIntEnable  systick.o
    0x00001a48   0x00001a48   0x00000018   Code   RO         5764    i.SysTickIntRegister  systick.o
    0x00001a60   0x00001a60   0x0000000a   Code   RO         5766    i.SysTickPeriodGet  systick.o
    0x00001a6a   0x00001a6a   0x0000000a   Code   RO         5767    i.SysTickPeriodSet  systick.o
    0x00001a74   0x00001a74   0x00000008   Code   RO         5768    i.SysTickValueGet   systick.o
    0x00001a7c   0x00001a7c   0x00000010   Code   RO          410    i.SysTick_Handler   sys_user.o
    0x00001a8c   0x00001a8c   0x00000028   Code   RO          411    i.SysTick_Init      sys_user.o
    0x00001ab4   0x00001ab4   0x00000024   Code   RO          412    i.System_Init       sys_user.o
    0x00001ad8   0x00001ad8   0x00000034   Code   RO          180    i.Tempalte_HW_INIT  tempalte.o
    0x00001b0c   0x00001b0c   0x0000000e   Code   RO         7000    i.__scatterload_copy  mc_w.l(handlers.o)
    0x00001b1a   0x00001b1a   0x00000002   Code   RO         7001    i.__scatterload_null  mc_w.l(handlers.o)
    0x00001b1c   0x00001b1c   0x0000000e   Code   RO         7002    i.__scatterload_zeroinit  mc_w.l(handlers.o)
    0x00001b2a   0x00001b2a   0x00000012   Code   RO            9    i.main              main.o
    0x00001b3c   0x00001b3c   0x0000023a   Data   RO          838    .constdata          oled_data.o
    0x00001d76   0x00001d76   0x000005f0   Data   RO          839    .constdata          oled_data.o
    0x00002366   0x00002366   0x00000002   PAD
    0x00002368   0x00002368   0x00000254   Data   RO         5400    .constdata          sysctl.o
    0x000025bc   0x000025bc   0x0000010c   Data   RO         6161    .constdata          interrupt.o
    0x000026c8   0x000026c8   0x00000020   Data   RO         6998    Region$$Table       anon$$obj.o


    Execution Region RW_IRAM1 (Exec base: 0x20000000, Load base: 0x000026e8, Size: 0x00001720, Max: 0x00008000, ABSOLUTE, COMPRESSED[0x00000030])

    Exec Addr    Load Addr    Size         Type   Attr      Idx    E Section Name        Object

    0x20000000   COMPRESSED   0x00000070   Data   RW          119    .data               scheduler.o
    0x20000070   COMPRESSED   0x00000004   Data   RW          120    .data               scheduler.o
    0x20000074   COMPRESSED   0x00000004   Data   RW          121    .data               scheduler.o
    0x20000078   COMPRESSED   0x00000004   Data   RW          122    .data               scheduler.o
    0x2000007c   COMPRESSED   0x00000004   Data   RW          182    .data               tempalte.o
    0x20000080   COMPRESSED   0x00000004   Data   RW          413    .data               sys_user.o
    0x20000084   COMPRESSED   0x0000037c   PAD
    0x20000400   COMPRESSED   0x0000026c   Data   RW         6162    vtable              interrupt.o
    0x2000066c        -       0x0000087c   Zero   RW          181    .bss                tempalte.o
    0x20000ee8        -       0x0000001c   Zero   RW          233    .bss                i2c_user.o
    0x20000f04        -       0x0000001c   Zero   RW          331    .bss                spi_user.o
    0x20000f20        -       0x00000800   Zero   RW            1    STACK               startup_rvmdk.o


==============================================================================

Image component sizes


      Code (inc. data)   RO Data    RW Data    ZI Data      Debug   Object Name

        32          8          0          0          0       1004   fpu.o
       540         12          0          0          0       4300   gpio.o
        16          0          0          0          0        608   gpio_user.o
      1070         30          0          0         28       9490   i2c_user.o
        76         22        268        620          0       2487   interrupt.o
       230         14          0          0          0       1523   led.o
        18          0          0          0          0      14099   main.o
      2006         22          0          0          0      10249   oled.o
         0          0       2090          0          0       1260   oled_data.o
       136         16          0        124          0       5916   scheduler.o
       626         18          0          0         28       7370   spi_user.o
       648        622          0          0       2048        328   startup_rvmdk.o
       164         22          0          4          0       3298   sys_user.o
       606         58        596          0          0       4799   sysctl.o
        80          0          0          0          0       3232   systick.o
       524         54          0          4       2172       4211   tempalte.o

    ----------------------------------------------------------------------
      6784        898       2988       1644       4276      74174   Object Totals
         0          0         32          0          0          0   (incl. Generated)
        12          0          2        892          0          0   (incl. Padding)

    ----------------------------------------------------------------------

      Code (inc. data)   RO Data    RW Data    ZI Data      Debug   Library Member Name

        58          0          0          0          0          0   __dczerorl.o
         0          0          0          0          0          0   entry.o
         0          0          0          0          0          0   entry10a.o
         0          0          0          0          0          0   entry11a.o
         4          0          0          0          0          0   entry12b.o
         8          4          0          0          0          0   entry2.o
         4          0          0          0          0          0   entry5.o
         0          0          0          0          0          0   entry7b.o
         0          0          0          0          0          0   entry8b.o
         8          4          0          0          0          0   entry9a.o
        30          0          0          0          0          0   handlers.o
        36          8          0          0          0         68   init.o
        36          0          0          0          0        108   memseta.o

    ----------------------------------------------------------------------
       188         16          0          0          0        176   Library Totals
         4          0          0          0          0          0   (incl. Padding)

    ----------------------------------------------------------------------

      Code (inc. data)   RO Data    RW Data    ZI Data      Debug   Library Name

       184         16          0          0          0        176   mc_w.l

    ----------------------------------------------------------------------
       188         16          0          0          0        176   Library Totals

    ----------------------------------------------------------------------

==============================================================================


      Code (inc. data)   RO Data    RW Data    ZI Data      Debug   

      6972        914       2988       1644       4276      68134   Grand Totals
      6972        914       2988         48       4276      68134   ELF Image Totals (compressed)
      6972        914       2988         48          0          0   ROM Totals

==============================================================================

    Total RO  Size (Code + RO Data)                 9960 (   9.73kB)
    Total RW  Size (RW Data + ZI Data)              5920 (   5.78kB)
    Total ROM Size (Code + RO Data + RW Data)      10008 (   9.77kB)

==============================================================================

